running develop
running egg_info
creating pyhelper.egg-info
writing pyhelper.egg-info/PKG-INFO
writing dependency_links to pyhelper.egg-info/dependency_links.txt
writing entry points to pyhelper.egg-info/entry_points.txt
writing requirements to pyhelper.egg-info/requires.txt
writing top-level names to pyhelper.egg-info/top_level.txt
writing manifest file 'pyhelper.egg-info/SOURCES.txt'
reading manifest file 'pyhelper.egg-info/SOURCES.txt'
writing manifest file 'pyhelper.egg-info/SOURCES.txt'
running build_ext
Creating /home/wjc/zrz_ros2_ws/src/ros2_ws/install/pyhelper/lib/python3.12/site-packages/pyhelper.egg-link (link to .)
Installing data_plotter script to /home/wjc/zrz_ros2_ws/src/ros2_ws/install/pyhelper/lib/pyhelper

Installed /home/wjc/zrz_ros2_ws/src/ros2_ws/build/pyhelper
running symlink_data
creating /home/wjc/zrz_ros2_ws/src/ros2_ws/install/pyhelper/share/ament_index
creating /home/wjc/zrz_ros2_ws/src/ros2_ws/install/pyhelper/share/ament_index/resource_index
creating /home/wjc/zrz_ros2_ws/src/ros2_ws/install/pyhelper/share/ament_index/resource_index/packages
symbolically linking /home/wjc/zrz_ros2_ws/src/ros2_ws/build/pyhelper/resource/pyhelper -> /home/wjc/zrz_ros2_ws/src/ros2_ws/install/pyhelper/share/ament_index/resource_index/packages
symbolically linking /home/wjc/zrz_ros2_ws/src/ros2_ws/build/pyhelper/package.xml -> /home/wjc/zrz_ros2_ws/src/ros2_ws/install/pyhelper/share/pyhelper
