[2.969s] Invoking command in '/home/wjc/zrz_ros2_ws/src/ros2_ws/build/pyhelper': DEBUGINFOD_URLS=https://debuginfod.ubuntu.com PYTHONPATH=/home/wjc/zrz_ros2_ws/src/ros2_ws/build/pyhelper/prefix_override:/usr/lib/python3/dist-packages/colcon_core/task/python/colcon_distutils_commands:/home/wjc/zrz_ros2_ws/src/ros2_ws/install/pyhelper/lib/python3.12/site-packages:${PYTHONPATH} /usr/bin/python3 -W ignore:setup.py install is deprecated -W ignore:easy_install command is deprecated setup.py develop --editable --build-directory /home/wjc/zrz_ros2_ws/src/ros2_ws/build/pyhelper/build --no-deps symlink_data
[4.040s] running develop
[4.678s] running egg_info
[4.679s] creating pyhelper.egg-info
[4.763s] writing pyhelper.egg-info/PKG-INFO
[4.764s] writing dependency_links to pyhelper.egg-info/dependency_links.txt
[4.765s] writing entry points to pyhelper.egg-info/entry_points.txt
[4.765s] writing requirements to pyhelper.egg-info/requires.txt
[4.765s] writing top-level names to pyhelper.egg-info/top_level.txt
[4.766s] writing manifest file 'pyhelper.egg-info/SOURCES.txt'
[4.915s] reading manifest file 'pyhelper.egg-info/SOURCES.txt'
[4.916s] writing manifest file 'pyhelper.egg-info/SOURCES.txt'
[4.986s] running build_ext
[4.986s] Creating /home/wjc/zrz_ros2_ws/src/ros2_ws/install/pyhelper/lib/python3.12/site-packages/pyhelper.egg-link (link to .)
[4.987s] Installing data_plotter script to /home/wjc/zrz_ros2_ws/src/ros2_ws/install/pyhelper/lib/pyhelper
[4.988s] 
[4.988s] Installed /home/wjc/zrz_ros2_ws/src/ros2_ws/build/pyhelper
[4.989s] running symlink_data
[4.989s] creating /home/wjc/zrz_ros2_ws/src/ros2_ws/install/pyhelper/share/ament_index
[4.989s] creating /home/wjc/zrz_ros2_ws/src/ros2_ws/install/pyhelper/share/ament_index/resource_index
[4.989s] creating /home/wjc/zrz_ros2_ws/src/ros2_ws/install/pyhelper/share/ament_index/resource_index/packages
[4.990s] symbolically linking /home/wjc/zrz_ros2_ws/src/ros2_ws/build/pyhelper/resource/pyhelper -> /home/wjc/zrz_ros2_ws/src/ros2_ws/install/pyhelper/share/ament_index/resource_index/packages
[4.990s] symbolically linking /home/wjc/zrz_ros2_ws/src/ros2_ws/build/pyhelper/package.xml -> /home/wjc/zrz_ros2_ws/src/ros2_ws/install/pyhelper/share/pyhelper
[5.095s] Invoked command in '/home/wjc/zrz_ros2_ws/src/ros2_ws/build/pyhelper' returned '0': DEBUGINFOD_URLS=https://debuginfod.ubuntu.com PYTHONPATH=/home/wjc/zrz_ros2_ws/src/ros2_ws/build/pyhelper/prefix_override:/usr/lib/python3/dist-packages/colcon_core/task/python/colcon_distutils_commands:/home/wjc/zrz_ros2_ws/src/ros2_ws/install/pyhelper/lib/python3.12/site-packages:${PYTHONPATH} /usr/bin/python3 -W ignore:setup.py install is deprecated -W ignore:easy_install command is deprecated setup.py develop --editable --build-directory /home/wjc/zrz_ros2_ws/src/ros2_ws/build/pyhelper/build --no-deps symlink_data
