-- The C compiler identification is GNU 13.3.0
-- The CXX compiler identification is GNU 13.3.0
-- Detecting C compiler ABI info
-- Detecting C compiler ABI info - done
-- Check for working C compiler: /usr/bin/cc - skipped
-- Detecting C compile features
-- Detecting C compile features - done
-- Detecting CXX compiler ABI info
-- Detecting CXX compiler ABI info - done
-- Check for working CXX compiler: /usr/bin/c++ - skipped
-- Detecting CXX compile features
-- Detecting CXX compile features - done
-- Found ament_cmake: 2.5.3 (/opt/ros/jazzy/share/ament_cmake/cmake)
-- Found Python3: /usr/bin/python3 (found version "3.12.3") found components: Interpreter 
-- Override CMake install command with custom implementation using symlinks instead of copying resources
-- Found rosidl_default_generators: 1.6.0 (/opt/ros/jazzy/share/rosidl_default_generators/cmake)
-- Using all available rosidl_typesupport_c: rosidl_typesupport_fastrtps_c;rosidl_typesupport_introspection_c
-- Using all available rosidl_typesupport_cpp: rosidl_typesupport_fastrtps_cpp;rosidl_typesupport_introspection_cpp
-- Found rosidl_adapter: 4.6.5 (/opt/ros/jazzy/share/rosidl_adapter/cmake)
-- Found action_msgs: 2.0.2 (/opt/ros/jazzy/share/action_msgs/cmake)
-- Found std_msgs: 5.3.5 (/opt/ros/jazzy/share/std_msgs/cmake)
-- Found ament_cmake_ros: 0.12.0 (/opt/ros/jazzy/share/ament_cmake_ros/cmake)
-- Using all available rosidl_typesupport_c: rosidl_typesupport_fastrtps_c;rosidl_typesupport_introspection_c
-- Using all available rosidl_typesupport_cpp: rosidl_typesupport_fastrtps_cpp;rosidl_typesupport_introspection_cpp
-- Found python_cmake_module: 0.11.1 (/opt/ros/jazzy/share/python_cmake_module/cmake)
-- Found PythonExtra: /usr/bin/python3  
-- Found Python3: /usr/bin/python3 (found version "3.12.3") found components: Interpreter Development NumPy Development.Module Development.Embed 
-- Configuring done (8.6s)
-- Generating done (0.1s)
-- Build files have been written to: /home/wjc/zrz_ros2_ws/src/ros2_ws/build/robot_control_msgs
[  1%] [34m[1mGenerating type hashes for ROS interfaces[0m
[  1%] Built target ament_cmake_python_symlink_robot_control_msgs
running egg_info
creating robot_control_msgs.egg-info
[  1%] Built target robot_control_msgs__rosidl_generator_type_description
[  3%] [34m[1mGenerating C code for ROS interfaces[0m
[  4%] [34m[1mGenerating C++ code for ROS interfaces[0m
writing robot_control_msgs.egg-info/PKG-INFO
writing dependency_links to robot_control_msgs.egg-info/dependency_links.txt
writing top-level names to robot_control_msgs.egg-info/top_level.txt
writing manifest file 'robot_control_msgs.egg-info/SOURCES.txt'
reading manifest file 'robot_control_msgs.egg-info/SOURCES.txt'
writing manifest file 'robot_control_msgs.egg-info/SOURCES.txt'
[  4%] Built target ament_cmake_python_build_robot_control_msgs_egg
[  4%] Built target robot_control_msgs__cpp
[  9%] [32mBuilding C object CMakeFiles/robot_control_msgs__rosidl_generator_c.dir/rosidl_generator_c/robot_control_msgs/msg/detail/vector_data__description.c.o[0m
[  9%] [32mBuilding C object CMakeFiles/robot_control_msgs__rosidl_generator_c.dir/rosidl_generator_c/robot_control_msgs/msg/detail/robot_state__type_support.c.o[0m
[  9%] [32mBuilding C object CMakeFiles/robot_control_msgs__rosidl_generator_c.dir/rosidl_generator_c/robot_control_msgs/msg/detail/vector_data__functions.c.o[0m
[ 10%] [32mBuilding C object CMakeFiles/robot_control_msgs__rosidl_generator_c.dir/rosidl_generator_c/robot_control_msgs/msg/detail/robot_state__functions.c.o[0m
[ 14%] [32mBuilding C object CMakeFiles/robot_control_msgs__rosidl_generator_c.dir/rosidl_generator_c/robot_control_msgs/msg/detail/robot_state__description.c.o[0m
[ 12%] [32mBuilding C object CMakeFiles/robot_control_msgs__rosidl_generator_c.dir/rosidl_generator_c/robot_control_msgs/srv/detail/control_command__type_support.c.o[0m
[ 15%] [32mBuilding C object CMakeFiles/robot_control_msgs__rosidl_generator_c.dir/rosidl_generator_c/robot_control_msgs/action/detail/robot_motion__description.c.o[0m
[ 17%] [32mBuilding C object CMakeFiles/robot_control_msgs__rosidl_generator_c.dir/rosidl_generator_c/robot_control_msgs/action/detail/robot_motion__functions.c.o[0m
[ 18%] [32mBuilding C object CMakeFiles/robot_control_msgs__rosidl_generator_c.dir/rosidl_generator_c/robot_control_msgs/msg/detail/vector_data__type_support.c.o[0m
[ 20%] [32mBuilding C object CMakeFiles/robot_control_msgs__rosidl_generator_c.dir/rosidl_generator_c/robot_control_msgs/srv/detail/control_command__functions.c.o[0m
[ 21%] [32mBuilding C object CMakeFiles/robot_control_msgs__rosidl_generator_c.dir/rosidl_generator_c/robot_control_msgs/srv/detail/control_command__description.c.o[0m
[ 23%] [32mBuilding C object CMakeFiles/robot_control_msgs__rosidl_generator_c.dir/rosidl_generator_c/robot_control_msgs/action/detail/robot_motion__type_support.c.o[0m
[ 25%] [32m[1mLinking C shared library librobot_control_msgs__rosidl_generator_c.so[0m
[ 25%] Built target robot_control_msgs__rosidl_generator_c
[ 26%] [34m[1mGenerating C type support for eProsima Fast-RTPS[0m
[ 28%] [34m[1mGenerating C++ type support dispatch for ROS interfaces[0m
[ 29%] [34m[1mGenerating C++ introspection for ROS interfaces[0m
[ 31%] [34m[1mGenerating C introspection for ROS interfaces[0m
[ 32%] [34m[1mGenerating C++ type support for eProsima Fast-RTPS[0m
[ 34%] [34m[1mGenerating C type support dispatch for ROS interfaces[0m
[ 37%] [32mBuilding CXX object CMakeFiles/robot_control_msgs__rosidl_typesupport_c.dir/rosidl_typesupport_c/robot_control_msgs/srv/control_command__type_support.cpp.o[0m
[ 37%] [32mBuilding CXX object CMakeFiles/robot_control_msgs__rosidl_typesupport_c.dir/rosidl_typesupport_c/robot_control_msgs/msg/robot_state__type_support.cpp.o[0m
[ 39%] [32mBuilding CXX object CMakeFiles/robot_control_msgs__rosidl_typesupport_c.dir/rosidl_typesupport_c/robot_control_msgs/action/robot_motion__type_support.cpp.o[0m
[ 40%] [32mBuilding CXX object CMakeFiles/robot_control_msgs__rosidl_typesupport_c.dir/rosidl_typesupport_c/robot_control_msgs/msg/vector_data__type_support.cpp.o[0m
[ 42%] [32mBuilding CXX object CMakeFiles/robot_control_msgs__rosidl_typesupport_cpp.dir/rosidl_typesupport_cpp/robot_control_msgs/msg/vector_data__type_support.cpp.o[0m
[ 45%] [32mBuilding CXX object CMakeFiles/robot_control_msgs__rosidl_typesupport_cpp.dir/rosidl_typesupport_cpp/robot_control_msgs/srv/control_command__type_support.cpp.o[0m
[ 45%] [32mBuilding CXX object CMakeFiles/robot_control_msgs__rosidl_typesupport_cpp.dir/rosidl_typesupport_cpp/robot_control_msgs/msg/robot_state__type_support.cpp.o[0m
[ 46%] [32mBuilding CXX object CMakeFiles/robot_control_msgs__rosidl_typesupport_cpp.dir/rosidl_typesupport_cpp/robot_control_msgs/action/robot_motion__type_support.cpp.o[0m
[ 48%] [32mBuilding CXX object CMakeFiles/robot_control_msgs__rosidl_typesupport_introspection_cpp.dir/rosidl_typesupport_introspection_cpp/robot_control_msgs/msg/detail/robot_state__type_support.cpp.o[0m
[ 50%] [32mBuilding CXX object CMakeFiles/robot_control_msgs__rosidl_typesupport_introspection_cpp.dir/rosidl_typesupport_introspection_cpp/robot_control_msgs/action/detail/robot_motion__type_support.cpp.o[0m
[ 51%] [32mBuilding C object CMakeFiles/robot_control_msgs__rosidl_typesupport_introspection_c.dir/rosidl_typesupport_introspection_c/robot_control_msgs/msg/detail/robot_state__type_support.c.o[0m
[ 53%] [32mBuilding C object CMakeFiles/robot_control_msgs__rosidl_typesupport_introspection_c.dir/rosidl_typesupport_introspection_c/robot_control_msgs/srv/detail/control_command__type_support.c.o[0m
[ 54%] [32mBuilding CXX object CMakeFiles/robot_control_msgs__rosidl_typesupport_introspection_cpp.dir/rosidl_typesupport_introspection_cpp/robot_control_msgs/msg/detail/vector_data__type_support.cpp.o[0m
[ 56%] [32mBuilding C object CMakeFiles/robot_control_msgs__rosidl_typesupport_introspection_c.dir/rosidl_typesupport_introspection_c/robot_control_msgs/action/detail/robot_motion__type_support.c.o[0m
[ 57%] [32mBuilding CXX object CMakeFiles/robot_control_msgs__rosidl_typesupport_introspection_cpp.dir/rosidl_typesupport_introspection_cpp/robot_control_msgs/srv/detail/control_command__type_support.cpp.o[0m
[ 59%] [32mBuilding C object CMakeFiles/robot_control_msgs__rosidl_typesupport_introspection_c.dir/rosidl_typesupport_introspection_c/robot_control_msgs/msg/detail/vector_data__type_support.c.o[0m
[ 60%] [32m[1mLinking CXX shared library librobot_control_msgs__rosidl_typesupport_c.so[0m
[ 62%] [32m[1mLinking C shared library librobot_control_msgs__rosidl_typesupport_introspection_c.so[0m
[ 62%] Built target robot_control_msgs__rosidl_typesupport_c
[ 64%] [32mBuilding CXX object CMakeFiles/robot_control_msgs__rosidl_typesupport_fastrtps_cpp.dir/rosidl_typesupport_fastrtps_cpp/robot_control_msgs/srv/detail/dds_fastrtps/control_command__type_support.cpp.o[0m
[ 65%] [32mBuilding CXX object CMakeFiles/robot_control_msgs__rosidl_typesupport_fastrtps_cpp.dir/rosidl_typesupport_fastrtps_cpp/robot_control_msgs/msg/detail/dds_fastrtps/robot_state__type_support.cpp.o[0m
[ 67%] [32mBuilding CXX object CMakeFiles/robot_control_msgs__rosidl_typesupport_fastrtps_cpp.dir/rosidl_typesupport_fastrtps_cpp/robot_control_msgs/action/detail/dds_fastrtps/robot_motion__type_support.cpp.o[0m
[ 68%] [32mBuilding CXX object CMakeFiles/robot_control_msgs__rosidl_typesupport_fastrtps_cpp.dir/rosidl_typesupport_fastrtps_cpp/robot_control_msgs/msg/detail/dds_fastrtps/vector_data__type_support.cpp.o[0m
[ 70%] [32mBuilding CXX object CMakeFiles/robot_control_msgs__rosidl_typesupport_fastrtps_c.dir/rosidl_typesupport_fastrtps_c/robot_control_msgs/srv/detail/control_command__type_support_c.cpp.o[0m
[ 71%] [32mBuilding CXX object CMakeFiles/robot_control_msgs__rosidl_typesupport_fastrtps_c.dir/rosidl_typesupport_fastrtps_c/robot_control_msgs/msg/detail/robot_state__type_support_c.cpp.o[0m
[ 73%] [32mBuilding CXX object CMakeFiles/robot_control_msgs__rosidl_typesupport_fastrtps_c.dir/rosidl_typesupport_fastrtps_c/robot_control_msgs/msg/detail/vector_data__type_support_c.cpp.o[0m
[ 73%] Built target robot_control_msgs__rosidl_typesupport_introspection_c
[ 75%] [32mBuilding CXX object CMakeFiles/robot_control_msgs__rosidl_typesupport_fastrtps_c.dir/rosidl_typesupport_fastrtps_c/robot_control_msgs/action/detail/robot_motion__type_support_c.cpp.o[0m
[ 76%] [32m[1mLinking CXX shared library librobot_control_msgs__rosidl_typesupport_cpp.so[0m
[ 76%] Built target robot_control_msgs__rosidl_typesupport_cpp
[ 78%] [32m[1mLinking CXX shared library librobot_control_msgs__rosidl_typesupport_fastrtps_c.so[0m
[ 78%] Built target robot_control_msgs__rosidl_typesupport_fastrtps_c
[ 79%] [32m[1mLinking CXX shared library librobot_control_msgs__rosidl_typesupport_introspection_cpp.so[0m
[ 79%] Built target robot_control_msgs__rosidl_typesupport_introspection_cpp
[ 81%] [32m[1mLinking CXX shared library librobot_control_msgs__rosidl_typesupport_fastrtps_cpp.so[0m
[ 81%] Built target robot_control_msgs__rosidl_typesupport_fastrtps_cpp
[ 81%] Built target robot_control_msgs
[ 82%] [34m[1mGenerating Python code for ROS interfaces[0m
[ 82%] Built target robot_control_msgs__py
[ 87%] [32mBuilding C object CMakeFiles/robot_control_msgs__rosidl_generator_py.dir/rosidl_generator_py/robot_control_msgs/msg/_vector_data_s.c.o[0m
[ 87%] [32mBuilding C object CMakeFiles/robot_control_msgs__rosidl_generator_py.dir/rosidl_generator_py/robot_control_msgs/srv/_control_command_s.c.o[0m
[ 87%] [32mBuilding C object CMakeFiles/robot_control_msgs__rosidl_generator_py.dir/rosidl_generator_py/robot_control_msgs/msg/_robot_state_s.c.o[0m
[ 89%] [32mBuilding C object CMakeFiles/robot_control_msgs__rosidl_generator_py.dir/rosidl_generator_py/robot_control_msgs/action/_robot_motion_s.c.o[0m
[ 90%] [32m[1mLinking C shared library librobot_control_msgs__rosidl_generator_py.so[0m
[ 90%] Built target robot_control_msgs__rosidl_generator_py
[ 93%] [32mBuilding C object CMakeFiles/robot_control_msgs_s__rosidl_typesupport_c.dir/rosidl_generator_py/robot_control_msgs/_robot_control_msgs_s.ep.rosidl_typesupport_c.c.o[0m
[ 93%] [32mBuilding C object CMakeFiles/robot_control_msgs_s__rosidl_typesupport_introspection_c.dir/rosidl_generator_py/robot_control_msgs/_robot_control_msgs_s.ep.rosidl_typesupport_introspection_c.c.o[0m
[ 95%] [32mBuilding C object CMakeFiles/robot_control_msgs_s__rosidl_typesupport_fastrtps_c.dir/rosidl_generator_py/robot_control_msgs/_robot_control_msgs_s.ep.rosidl_typesupport_fastrtps_c.c.o[0m
[ 96%] [32m[1mLinking C shared module rosidl_generator_py/robot_control_msgs/robot_control_msgs_s__rosidl_typesupport_fastrtps_c.so[0m
[ 96%] Built target robot_control_msgs_s__rosidl_typesupport_fastrtps_c
[ 98%] [32m[1mLinking C shared module rosidl_generator_py/robot_control_msgs/robot_control_msgs_s__rosidl_typesupport_c.so[0m
[100%] [32m[1mLinking C shared module rosidl_generator_py/robot_control_msgs/robot_control_msgs_s__rosidl_typesupport_introspection_c.so[0m
[100%] Built target robot_control_msgs_s__rosidl_typesupport_c
[100%] Built target robot_control_msgs_s__rosidl_typesupport_introspection_c
-- Install configuration: "Release"
-- Execute custom install script
-- Symlinking: /home/wjc/zrz_ros2_ws/src/ros2_ws/install/robot_control_msgs/share/ament_index/resource_index/rosidl_interfaces/robot_control_msgs
-- Symlinking: /home/wjc/zrz_ros2_ws/src/ros2_ws/install/robot_control_msgs/share/robot_control_msgs/msg/RobotState.json
-- Symlinking: /home/wjc/zrz_ros2_ws/src/ros2_ws/install/robot_control_msgs/share/robot_control_msgs/msg/VectorData.json
-- Symlinking: /home/wjc/zrz_ros2_ws/src/ros2_ws/install/robot_control_msgs/share/robot_control_msgs/srv/ControlCommand.json
-- Symlinking: /home/wjc/zrz_ros2_ws/src/ros2_ws/install/robot_control_msgs/share/robot_control_msgs/action/RobotMotion.json
-- Symlinking: /home/wjc/zrz_ros2_ws/src/ros2_ws/install/robot_control_msgs/include/robot_control_msgs/robot_control_msgs/action/detail/robot_motion__functions.h
-- Symlinking: /home/wjc/zrz_ros2_ws/src/ros2_ws/install/robot_control_msgs/include/robot_control_msgs/robot_control_msgs/action/detail/robot_motion__struct.h
-- Symlinking: /home/wjc/zrz_ros2_ws/src/ros2_ws/install/robot_control_msgs/include/robot_control_msgs/robot_control_msgs/action/detail/robot_motion__type_support.h
-- Symlinking: /home/wjc/zrz_ros2_ws/src/ros2_ws/install/robot_control_msgs/include/robot_control_msgs/robot_control_msgs/action/robot_motion.h
-- Symlinking: /home/wjc/zrz_ros2_ws/src/ros2_ws/install/robot_control_msgs/include/robot_control_msgs/robot_control_msgs/msg/detail/robot_state__functions.h
-- Symlinking: /home/wjc/zrz_ros2_ws/src/ros2_ws/install/robot_control_msgs/include/robot_control_msgs/robot_control_msgs/msg/detail/robot_state__struct.h
-- Symlinking: /home/wjc/zrz_ros2_ws/src/ros2_ws/install/robot_control_msgs/include/robot_control_msgs/robot_control_msgs/msg/detail/robot_state__type_support.h
-- Symlinking: /home/wjc/zrz_ros2_ws/src/ros2_ws/install/robot_control_msgs/include/robot_control_msgs/robot_control_msgs/msg/detail/vector_data__functions.h
-- Symlinking: /home/wjc/zrz_ros2_ws/src/ros2_ws/install/robot_control_msgs/include/robot_control_msgs/robot_control_msgs/msg/detail/vector_data__struct.h
-- Symlinking: /home/wjc/zrz_ros2_ws/src/ros2_ws/install/robot_control_msgs/include/robot_control_msgs/robot_control_msgs/msg/detail/vector_data__type_support.h
-- Symlinking: /home/wjc/zrz_ros2_ws/src/ros2_ws/install/robot_control_msgs/include/robot_control_msgs/robot_control_msgs/msg/robot_state.h
-- Symlinking: /home/wjc/zrz_ros2_ws/src/ros2_ws/install/robot_control_msgs/include/robot_control_msgs/robot_control_msgs/msg/rosidl_generator_c__visibility_control.h
-- Symlinking: /home/wjc/zrz_ros2_ws/src/ros2_ws/install/robot_control_msgs/include/robot_control_msgs/robot_control_msgs/msg/vector_data.h
-- Symlinking: /home/wjc/zrz_ros2_ws/src/ros2_ws/install/robot_control_msgs/include/robot_control_msgs/robot_control_msgs/srv/control_command.h
-- Symlinking: /home/wjc/zrz_ros2_ws/src/ros2_ws/install/robot_control_msgs/include/robot_control_msgs/robot_control_msgs/srv/detail/control_command__functions.h
-- Symlinking: /home/wjc/zrz_ros2_ws/src/ros2_ws/install/robot_control_msgs/include/robot_control_msgs/robot_control_msgs/srv/detail/control_command__struct.h
-- Symlinking: /home/wjc/zrz_ros2_ws/src/ros2_ws/install/robot_control_msgs/include/robot_control_msgs/robot_control_msgs/srv/detail/control_command__type_support.h
-- Symlinking: /home/wjc/zrz_ros2_ws/src/ros2_ws/install/robot_control_msgs/share/robot_control_msgs/environment/library_path.sh
-- Symlinking: /home/wjc/zrz_ros2_ws/src/ros2_ws/install/robot_control_msgs/share/robot_control_msgs/environment/library_path.dsv
-- Symlinking: /home/wjc/zrz_ros2_ws/src/ros2_ws/install/robot_control_msgs/include/robot_control_msgs/robot_control_msgs/action/detail/robot_motion__rosidl_typesupport_fastrtps_c.h
-- Symlinking: /home/wjc/zrz_ros2_ws/src/ros2_ws/install/robot_control_msgs/include/robot_control_msgs/robot_control_msgs/msg/detail/robot_state__rosidl_typesupport_fastrtps_c.h
-- Symlinking: /home/wjc/zrz_ros2_ws/src/ros2_ws/install/robot_control_msgs/include/robot_control_msgs/robot_control_msgs/msg/detail/vector_data__rosidl_typesupport_fastrtps_c.h
-- Symlinking: /home/wjc/zrz_ros2_ws/src/ros2_ws/install/robot_control_msgs/include/robot_control_msgs/robot_control_msgs/msg/rosidl_typesupport_fastrtps_c__visibility_control.h
-- Symlinking: /home/wjc/zrz_ros2_ws/src/ros2_ws/install/robot_control_msgs/include/robot_control_msgs/robot_control_msgs/srv/detail/control_command__rosidl_typesupport_fastrtps_c.h
-- Symlinking: /home/wjc/zrz_ros2_ws/src/ros2_ws/install/robot_control_msgs/include/robot_control_msgs/robot_control_msgs/action/detail/robot_motion__rosidl_typesupport_introspection_c.h
-- Symlinking: /home/wjc/zrz_ros2_ws/src/ros2_ws/install/robot_control_msgs/include/robot_control_msgs/robot_control_msgs/msg/detail/robot_state__rosidl_typesupport_introspection_c.h
-- Symlinking: /home/wjc/zrz_ros2_ws/src/ros2_ws/install/robot_control_msgs/include/robot_control_msgs/robot_control_msgs/msg/detail/vector_data__rosidl_typesupport_introspection_c.h
-- Symlinking: /home/wjc/zrz_ros2_ws/src/ros2_ws/install/robot_control_msgs/include/robot_control_msgs/robot_control_msgs/msg/rosidl_typesupport_introspection_c__visibility_control.h
-- Symlinking: /home/wjc/zrz_ros2_ws/src/ros2_ws/install/robot_control_msgs/include/robot_control_msgs/robot_control_msgs/srv/detail/control_command__rosidl_typesupport_introspection_c.h
-- Symlinking: /home/wjc/zrz_ros2_ws/src/ros2_ws/install/robot_control_msgs/include/robot_control_msgs/robot_control_msgs/action/detail/robot_motion__builder.hpp
-- Symlinking: /home/wjc/zrz_ros2_ws/src/ros2_ws/install/robot_control_msgs/include/robot_control_msgs/robot_control_msgs/action/detail/robot_motion__struct.hpp
-- Symlinking: /home/wjc/zrz_ros2_ws/src/ros2_ws/install/robot_control_msgs/include/robot_control_msgs/robot_control_msgs/action/detail/robot_motion__traits.hpp
-- Symlinking: /home/wjc/zrz_ros2_ws/src/ros2_ws/install/robot_control_msgs/include/robot_control_msgs/robot_control_msgs/action/detail/robot_motion__type_support.hpp
-- Symlinking: /home/wjc/zrz_ros2_ws/src/ros2_ws/install/robot_control_msgs/include/robot_control_msgs/robot_control_msgs/action/robot_motion.hpp
-- Symlinking: /home/wjc/zrz_ros2_ws/src/ros2_ws/install/robot_control_msgs/include/robot_control_msgs/robot_control_msgs/msg/detail/robot_state__builder.hpp
-- Symlinking: /home/wjc/zrz_ros2_ws/src/ros2_ws/install/robot_control_msgs/include/robot_control_msgs/robot_control_msgs/msg/detail/robot_state__struct.hpp
-- Symlinking: /home/wjc/zrz_ros2_ws/src/ros2_ws/install/robot_control_msgs/include/robot_control_msgs/robot_control_msgs/msg/detail/robot_state__traits.hpp
-- Symlinking: /home/wjc/zrz_ros2_ws/src/ros2_ws/install/robot_control_msgs/include/robot_control_msgs/robot_control_msgs/msg/detail/robot_state__type_support.hpp
-- Symlinking: /home/wjc/zrz_ros2_ws/src/ros2_ws/install/robot_control_msgs/include/robot_control_msgs/robot_control_msgs/msg/detail/vector_data__builder.hpp
-- Symlinking: /home/wjc/zrz_ros2_ws/src/ros2_ws/install/robot_control_msgs/include/robot_control_msgs/robot_control_msgs/msg/detail/vector_data__struct.hpp
-- Symlinking: /home/wjc/zrz_ros2_ws/src/ros2_ws/install/robot_control_msgs/include/robot_control_msgs/robot_control_msgs/msg/detail/vector_data__traits.hpp
-- Symlinking: /home/wjc/zrz_ros2_ws/src/ros2_ws/install/robot_control_msgs/include/robot_control_msgs/robot_control_msgs/msg/detail/vector_data__type_support.hpp
-- Symlinking: /home/wjc/zrz_ros2_ws/src/ros2_ws/install/robot_control_msgs/include/robot_control_msgs/robot_control_msgs/msg/robot_state.hpp
-- Symlinking: /home/wjc/zrz_ros2_ws/src/ros2_ws/install/robot_control_msgs/include/robot_control_msgs/robot_control_msgs/msg/rosidl_generator_cpp__visibility_control.hpp
-- Symlinking: /home/wjc/zrz_ros2_ws/src/ros2_ws/install/robot_control_msgs/include/robot_control_msgs/robot_control_msgs/msg/vector_data.hpp
-- Symlinking: /home/wjc/zrz_ros2_ws/src/ros2_ws/install/robot_control_msgs/include/robot_control_msgs/robot_control_msgs/srv/control_command.hpp
-- Symlinking: /home/wjc/zrz_ros2_ws/src/ros2_ws/install/robot_control_msgs/include/robot_control_msgs/robot_control_msgs/srv/detail/control_command__builder.hpp
-- Symlinking: /home/wjc/zrz_ros2_ws/src/ros2_ws/install/robot_control_msgs/include/robot_control_msgs/robot_control_msgs/srv/detail/control_command__struct.hpp
-- Symlinking: /home/wjc/zrz_ros2_ws/src/ros2_ws/install/robot_control_msgs/include/robot_control_msgs/robot_control_msgs/srv/detail/control_command__traits.hpp
-- Symlinking: /home/wjc/zrz_ros2_ws/src/ros2_ws/install/robot_control_msgs/include/robot_control_msgs/robot_control_msgs/srv/detail/control_command__type_support.hpp
-- Symlinking: /home/wjc/zrz_ros2_ws/src/ros2_ws/install/robot_control_msgs/include/robot_control_msgs/robot_control_msgs/action/detail/robot_motion__rosidl_typesupport_fastrtps_cpp.hpp
-- Symlinking: /home/wjc/zrz_ros2_ws/src/ros2_ws/install/robot_control_msgs/include/robot_control_msgs/robot_control_msgs/msg/detail/robot_state__rosidl_typesupport_fastrtps_cpp.hpp
-- Symlinking: /home/wjc/zrz_ros2_ws/src/ros2_ws/install/robot_control_msgs/include/robot_control_msgs/robot_control_msgs/msg/detail/vector_data__rosidl_typesupport_fastrtps_cpp.hpp
-- Symlinking: /home/wjc/zrz_ros2_ws/src/ros2_ws/install/robot_control_msgs/include/robot_control_msgs/robot_control_msgs/msg/rosidl_typesupport_fastrtps_cpp__visibility_control.h
-- Symlinking: /home/wjc/zrz_ros2_ws/src/ros2_ws/install/robot_control_msgs/include/robot_control_msgs/robot_control_msgs/srv/detail/control_command__rosidl_typesupport_fastrtps_cpp.hpp
-- Symlinking: /home/wjc/zrz_ros2_ws/src/ros2_ws/install/robot_control_msgs/include/robot_control_msgs/robot_control_msgs/action/detail/robot_motion__rosidl_typesupport_introspection_cpp.hpp
-- Symlinking: /home/wjc/zrz_ros2_ws/src/ros2_ws/install/robot_control_msgs/include/robot_control_msgs/robot_control_msgs/msg/detail/robot_state__rosidl_typesupport_introspection_cpp.hpp
-- Symlinking: /home/wjc/zrz_ros2_ws/src/ros2_ws/install/robot_control_msgs/include/robot_control_msgs/robot_control_msgs/msg/detail/vector_data__rosidl_typesupport_introspection_cpp.hpp
-- Symlinking: /home/wjc/zrz_ros2_ws/src/ros2_ws/install/robot_control_msgs/include/robot_control_msgs/robot_control_msgs/srv/detail/control_command__rosidl_typesupport_introspection_cpp.hpp
-- Symlinking: /home/wjc/zrz_ros2_ws/src/ros2_ws/install/robot_control_msgs/share/robot_control_msgs/environment/pythonpath.sh
-- Symlinking: /home/wjc/zrz_ros2_ws/src/ros2_ws/install/robot_control_msgs/share/robot_control_msgs/environment/pythonpath.dsv
-- Symlinking: /home/wjc/zrz_ros2_ws/src/ros2_ws/install/robot_control_msgs/lib/python3.12/site-packages/robot_control_msgs-0.0.0-py3.12.egg-info/PKG-INFO
-- Symlinking: /home/wjc/zrz_ros2_ws/src/ros2_ws/install/robot_control_msgs/lib/python3.12/site-packages/robot_control_msgs-0.0.0-py3.12.egg-info/SOURCES.txt
-- Symlinking: /home/wjc/zrz_ros2_ws/src/ros2_ws/install/robot_control_msgs/lib/python3.12/site-packages/robot_control_msgs-0.0.0-py3.12.egg-info/dependency_links.txt
-- Symlinking: /home/wjc/zrz_ros2_ws/src/ros2_ws/install/robot_control_msgs/lib/python3.12/site-packages/robot_control_msgs-0.0.0-py3.12.egg-info/top_level.txt
-- Symlinking: /home/wjc/zrz_ros2_ws/src/ros2_ws/install/robot_control_msgs/lib/python3.12/site-packages/robot_control_msgs/__init__.py
-- Symlinking: /home/wjc/zrz_ros2_ws/src/ros2_ws/install/robot_control_msgs/lib/python3.12/site-packages/robot_control_msgs/_robot_control_msgs_s.ep.rosidl_typesupport_c.c
-- Symlinking: /home/wjc/zrz_ros2_ws/src/ros2_ws/install/robot_control_msgs/lib/python3.12/site-packages/robot_control_msgs/_robot_control_msgs_s.ep.rosidl_typesupport_fastrtps_c.c
-- Symlinking: /home/wjc/zrz_ros2_ws/src/ros2_ws/install/robot_control_msgs/lib/python3.12/site-packages/robot_control_msgs/_robot_control_msgs_s.ep.rosidl_typesupport_introspection_c.c
-- Symlinking: /home/wjc/zrz_ros2_ws/src/ros2_ws/install/robot_control_msgs/lib/python3.12/site-packages/robot_control_msgs/action/__init__.py
-- Symlinking: /home/wjc/zrz_ros2_ws/src/ros2_ws/install/robot_control_msgs/lib/python3.12/site-packages/robot_control_msgs/action/_robot_motion.py
-- Symlinking: /home/wjc/zrz_ros2_ws/src/ros2_ws/install/robot_control_msgs/lib/python3.12/site-packages/robot_control_msgs/action/_robot_motion_s.c
-- Symlinking: /home/wjc/zrz_ros2_ws/src/ros2_ws/install/robot_control_msgs/lib/python3.12/site-packages/robot_control_msgs/msg/__init__.py
-- Symlinking: /home/wjc/zrz_ros2_ws/src/ros2_ws/install/robot_control_msgs/lib/python3.12/site-packages/robot_control_msgs/msg/_robot_state.py
-- Symlinking: /home/wjc/zrz_ros2_ws/src/ros2_ws/install/robot_control_msgs/lib/python3.12/site-packages/robot_control_msgs/msg/_robot_state_s.c
-- Symlinking: /home/wjc/zrz_ros2_ws/src/ros2_ws/install/robot_control_msgs/lib/python3.12/site-packages/robot_control_msgs/msg/_vector_data.py
-- Symlinking: /home/wjc/zrz_ros2_ws/src/ros2_ws/install/robot_control_msgs/lib/python3.12/site-packages/robot_control_msgs/msg/_vector_data_s.c
-- Symlinking: /home/wjc/zrz_ros2_ws/src/ros2_ws/install/robot_control_msgs/lib/python3.12/site-packages/robot_control_msgs/robot_control_msgs_s__rosidl_typesupport_c.so
-- Symlinking: /home/wjc/zrz_ros2_ws/src/ros2_ws/install/robot_control_msgs/lib/python3.12/site-packages/robot_control_msgs/robot_control_msgs_s__rosidl_typesupport_fastrtps_c.so
-- Symlinking: /home/wjc/zrz_ros2_ws/src/ros2_ws/install/robot_control_msgs/lib/python3.12/site-packages/robot_control_msgs/robot_control_msgs_s__rosidl_typesupport_introspection_c.so
-- Symlinking: /home/wjc/zrz_ros2_ws/src/ros2_ws/install/robot_control_msgs/lib/python3.12/site-packages/robot_control_msgs/srv/__init__.py
-- Symlinking: /home/wjc/zrz_ros2_ws/src/ros2_ws/install/robot_control_msgs/lib/python3.12/site-packages/robot_control_msgs/srv/_control_command.py
-- Symlinking: /home/wjc/zrz_ros2_ws/src/ros2_ws/install/robot_control_msgs/lib/python3.12/site-packages/robot_control_msgs/srv/_control_command_s.c
-- Up-to-date symlink: /home/wjc/zrz_ros2_ws/src/ros2_ws/install/robot_control_msgs/lib/python3.12/site-packages/robot_control_msgs/robot_control_msgs_s__rosidl_typesupport_fastrtps_c.so
-- Up-to-date symlink: /home/wjc/zrz_ros2_ws/src/ros2_ws/install/robot_control_msgs/lib/python3.12/site-packages/robot_control_msgs/robot_control_msgs_s__rosidl_typesupport_introspection_c.so
-- Up-to-date symlink: /home/wjc/zrz_ros2_ws/src/ros2_ws/install/robot_control_msgs/lib/python3.12/site-packages/robot_control_msgs/robot_control_msgs_s__rosidl_typesupport_c.so
-- Symlinking: /home/wjc/zrz_ros2_ws/src/ros2_ws/install/robot_control_msgs/share/robot_control_msgs/msg/RobotState.idl
-- Symlinking: /home/wjc/zrz_ros2_ws/src/ros2_ws/install/robot_control_msgs/share/robot_control_msgs/msg/VectorData.idl
-- Symlinking: /home/wjc/zrz_ros2_ws/src/ros2_ws/install/robot_control_msgs/share/robot_control_msgs/srv/ControlCommand.idl
-- Symlinking: /home/wjc/zrz_ros2_ws/src/ros2_ws/install/robot_control_msgs/share/robot_control_msgs/action/RobotMotion.idl
-- Symlinking: /home/wjc/zrz_ros2_ws/src/ros2_ws/install/robot_control_msgs/share/robot_control_msgs/msg/RobotState.msg
-- Symlinking: /home/wjc/zrz_ros2_ws/src/ros2_ws/install/robot_control_msgs/share/robot_control_msgs/msg/VectorData.msg
-- Symlinking: /home/wjc/zrz_ros2_ws/src/ros2_ws/install/robot_control_msgs/share/robot_control_msgs/srv/ControlCommand.srv
-- Symlinking: /home/wjc/zrz_ros2_ws/src/ros2_ws/install/robot_control_msgs/share/robot_control_msgs/action/RobotMotion.action
-- Symlinking: /home/wjc/zrz_ros2_ws/src/ros2_ws/install/robot_control_msgs/share/ament_index/resource_index/package_run_dependencies/robot_control_msgs
-- Symlinking: /home/wjc/zrz_ros2_ws/src/ros2_ws/install/robot_control_msgs/share/ament_index/resource_index/parent_prefix_path/robot_control_msgs
-- Symlinking: /home/wjc/zrz_ros2_ws/src/ros2_ws/install/robot_control_msgs/share/robot_control_msgs/environment/ament_prefix_path.sh
-- Symlinking: /home/wjc/zrz_ros2_ws/src/ros2_ws/install/robot_control_msgs/share/robot_control_msgs/environment/ament_prefix_path.dsv
-- Symlinking: /home/wjc/zrz_ros2_ws/src/ros2_ws/install/robot_control_msgs/share/robot_control_msgs/environment/path.sh
-- Symlinking: /home/wjc/zrz_ros2_ws/src/ros2_ws/install/robot_control_msgs/share/robot_control_msgs/environment/path.dsv
-- Symlinking: /home/wjc/zrz_ros2_ws/src/ros2_ws/install/robot_control_msgs/share/robot_control_msgs/local_setup.bash
-- Symlinking: /home/wjc/zrz_ros2_ws/src/ros2_ws/install/robot_control_msgs/share/robot_control_msgs/local_setup.sh
-- Symlinking: /home/wjc/zrz_ros2_ws/src/ros2_ws/install/robot_control_msgs/share/robot_control_msgs/local_setup.zsh
-- Symlinking: /home/wjc/zrz_ros2_ws/src/ros2_ws/install/robot_control_msgs/share/robot_control_msgs/local_setup.dsv
-- Symlinking: /home/wjc/zrz_ros2_ws/src/ros2_ws/install/robot_control_msgs/share/robot_control_msgs/package.dsv
-- Symlinking: /home/wjc/zrz_ros2_ws/src/ros2_ws/install/robot_control_msgs/share/ament_index/resource_index/packages/robot_control_msgs
-- Symlinking: /home/wjc/zrz_ros2_ws/src/ros2_ws/install/robot_control_msgs/share/robot_control_msgs/cmake/rosidl_cmake-extras.cmake
-- Symlinking: /home/wjc/zrz_ros2_ws/src/ros2_ws/install/robot_control_msgs/share/robot_control_msgs/cmake/ament_cmake_export_dependencies-extras.cmake
-- Symlinking: /home/wjc/zrz_ros2_ws/src/ros2_ws/install/robot_control_msgs/share/robot_control_msgs/cmake/ament_cmake_export_include_directories-extras.cmake
-- Symlinking: /home/wjc/zrz_ros2_ws/src/ros2_ws/install/robot_control_msgs/share/robot_control_msgs/cmake/ament_cmake_export_libraries-extras.cmake
-- Symlinking: /home/wjc/zrz_ros2_ws/src/ros2_ws/install/robot_control_msgs/share/robot_control_msgs/cmake/ament_cmake_export_targets-extras.cmake
-- Symlinking: /home/wjc/zrz_ros2_ws/src/ros2_ws/install/robot_control_msgs/share/robot_control_msgs/cmake/rosidl_cmake_export_typesupport_targets-extras.cmake
-- Symlinking: /home/wjc/zrz_ros2_ws/src/ros2_ws/install/robot_control_msgs/share/robot_control_msgs/cmake/rosidl_cmake_export_typesupport_libraries-extras.cmake
-- Symlinking: /home/wjc/zrz_ros2_ws/src/ros2_ws/install/robot_control_msgs/share/robot_control_msgs/cmake/robot_control_msgsConfig.cmake
-- Symlinking: /home/wjc/zrz_ros2_ws/src/ros2_ws/install/robot_control_msgs/share/robot_control_msgs/cmake/robot_control_msgsConfig-version.cmake
-- Symlinking: /home/wjc/zrz_ros2_ws/src/ros2_ws/install/robot_control_msgs/share/robot_control_msgs/package.xml
-- Installing: /home/wjc/zrz_ros2_ws/src/ros2_ws/install/robot_control_msgs/lib/librobot_control_msgs__rosidl_generator_c.so
-- Set non-toolchain portion of runtime path of "/home/wjc/zrz_ros2_ws/src/ros2_ws/install/robot_control_msgs/lib/librobot_control_msgs__rosidl_generator_c.so" to ""
-- Installing: /home/wjc/zrz_ros2_ws/src/ros2_ws/install/robot_control_msgs/lib/librobot_control_msgs__rosidl_typesupport_fastrtps_c.so
-- Set non-toolchain portion of runtime path of "/home/wjc/zrz_ros2_ws/src/ros2_ws/install/robot_control_msgs/lib/librobot_control_msgs__rosidl_typesupport_fastrtps_c.so" to ""
-- Installing: /home/wjc/zrz_ros2_ws/src/ros2_ws/install/robot_control_msgs/lib/librobot_control_msgs__rosidl_typesupport_introspection_c.so
-- Set non-toolchain portion of runtime path of "/home/wjc/zrz_ros2_ws/src/ros2_ws/install/robot_control_msgs/lib/librobot_control_msgs__rosidl_typesupport_introspection_c.so" to ""
-- Installing: /home/wjc/zrz_ros2_ws/src/ros2_ws/install/robot_control_msgs/lib/librobot_control_msgs__rosidl_typesupport_c.so
-- Set non-toolchain portion of runtime path of "/home/wjc/zrz_ros2_ws/src/ros2_ws/install/robot_control_msgs/lib/librobot_control_msgs__rosidl_typesupport_c.so" to ""
-- Installing: /home/wjc/zrz_ros2_ws/src/ros2_ws/install/robot_control_msgs/lib/librobot_control_msgs__rosidl_typesupport_fastrtps_cpp.so
-- Set non-toolchain portion of runtime path of "/home/wjc/zrz_ros2_ws/src/ros2_ws/install/robot_control_msgs/lib/librobot_control_msgs__rosidl_typesupport_fastrtps_cpp.so" to ""
-- Installing: /home/wjc/zrz_ros2_ws/src/ros2_ws/install/robot_control_msgs/lib/librobot_control_msgs__rosidl_typesupport_introspection_cpp.so
-- Set non-toolchain portion of runtime path of "/home/wjc/zrz_ros2_ws/src/ros2_ws/install/robot_control_msgs/lib/librobot_control_msgs__rosidl_typesupport_introspection_cpp.so" to ""
-- Installing: /home/wjc/zrz_ros2_ws/src/ros2_ws/install/robot_control_msgs/lib/librobot_control_msgs__rosidl_typesupport_cpp.so
-- Set non-toolchain portion of runtime path of "/home/wjc/zrz_ros2_ws/src/ros2_ws/install/robot_control_msgs/lib/librobot_control_msgs__rosidl_typesupport_cpp.so" to ""
Listing '/home/wjc/zrz_ros2_ws/src/ros2_ws/install/robot_control_msgs/lib/python3.12/site-packages/robot_control_msgs'...
Compiling '/home/wjc/zrz_ros2_ws/src/ros2_ws/install/robot_control_msgs/lib/python3.12/site-packages/robot_control_msgs/__init__.py'...
Listing '/home/wjc/zrz_ros2_ws/src/ros2_ws/install/robot_control_msgs/lib/python3.12/site-packages/robot_control_msgs/action'...
Compiling '/home/wjc/zrz_ros2_ws/src/ros2_ws/install/robot_control_msgs/lib/python3.12/site-packages/robot_control_msgs/action/__init__.py'...
Compiling '/home/wjc/zrz_ros2_ws/src/ros2_ws/install/robot_control_msgs/lib/python3.12/site-packages/robot_control_msgs/action/_robot_motion.py'...
Listing '/home/wjc/zrz_ros2_ws/src/ros2_ws/install/robot_control_msgs/lib/python3.12/site-packages/robot_control_msgs/msg'...
Compiling '/home/wjc/zrz_ros2_ws/src/ros2_ws/install/robot_control_msgs/lib/python3.12/site-packages/robot_control_msgs/msg/__init__.py'...
Compiling '/home/wjc/zrz_ros2_ws/src/ros2_ws/install/robot_control_msgs/lib/python3.12/site-packages/robot_control_msgs/msg/_robot_state.py'...
Compiling '/home/wjc/zrz_ros2_ws/src/ros2_ws/install/robot_control_msgs/lib/python3.12/site-packages/robot_control_msgs/msg/_vector_data.py'...
Listing '/home/wjc/zrz_ros2_ws/src/ros2_ws/install/robot_control_msgs/lib/python3.12/site-packages/robot_control_msgs/srv'...
Compiling '/home/wjc/zrz_ros2_ws/src/ros2_ws/install/robot_control_msgs/lib/python3.12/site-packages/robot_control_msgs/srv/__init__.py'...
Compiling '/home/wjc/zrz_ros2_ws/src/ros2_ws/install/robot_control_msgs/lib/python3.12/site-packages/robot_control_msgs/srv/_control_command.py'...
-- Installing: /home/wjc/zrz_ros2_ws/src/ros2_ws/install/robot_control_msgs/lib/librobot_control_msgs__rosidl_generator_py.so
-- Set non-toolchain portion of runtime path of "/home/wjc/zrz_ros2_ws/src/ros2_ws/install/robot_control_msgs/lib/librobot_control_msgs__rosidl_generator_py.so" to ""
-- Installing: /home/wjc/zrz_ros2_ws/src/ros2_ws/install/robot_control_msgs/share/robot_control_msgs/cmake/export_robot_control_msgs__rosidl_generator_cExport.cmake
-- Installing: /home/wjc/zrz_ros2_ws/src/ros2_ws/install/robot_control_msgs/share/robot_control_msgs/cmake/export_robot_control_msgs__rosidl_generator_cExport-release.cmake
-- Installing: /home/wjc/zrz_ros2_ws/src/ros2_ws/install/robot_control_msgs/share/robot_control_msgs/cmake/export_robot_control_msgs__rosidl_typesupport_fastrtps_cExport.cmake
-- Installing: /home/wjc/zrz_ros2_ws/src/ros2_ws/install/robot_control_msgs/share/robot_control_msgs/cmake/export_robot_control_msgs__rosidl_typesupport_fastrtps_cExport-release.cmake
-- Installing: /home/wjc/zrz_ros2_ws/src/ros2_ws/install/robot_control_msgs/share/robot_control_msgs/cmake/robot_control_msgs__rosidl_typesupport_introspection_cExport.cmake
-- Installing: /home/wjc/zrz_ros2_ws/src/ros2_ws/install/robot_control_msgs/share/robot_control_msgs/cmake/robot_control_msgs__rosidl_typesupport_introspection_cExport-release.cmake
-- Installing: /home/wjc/zrz_ros2_ws/src/ros2_ws/install/robot_control_msgs/share/robot_control_msgs/cmake/robot_control_msgs__rosidl_typesupport_cExport.cmake
-- Installing: /home/wjc/zrz_ros2_ws/src/ros2_ws/install/robot_control_msgs/share/robot_control_msgs/cmake/robot_control_msgs__rosidl_typesupport_cExport-release.cmake
-- Installing: /home/wjc/zrz_ros2_ws/src/ros2_ws/install/robot_control_msgs/share/robot_control_msgs/cmake/export_robot_control_msgs__rosidl_generator_cppExport.cmake
-- Installing: /home/wjc/zrz_ros2_ws/src/ros2_ws/install/robot_control_msgs/share/robot_control_msgs/cmake/export_robot_control_msgs__rosidl_typesupport_fastrtps_cppExport.cmake
-- Installing: /home/wjc/zrz_ros2_ws/src/ros2_ws/install/robot_control_msgs/share/robot_control_msgs/cmake/export_robot_control_msgs__rosidl_typesupport_fastrtps_cppExport-release.cmake
-- Installing: /home/wjc/zrz_ros2_ws/src/ros2_ws/install/robot_control_msgs/share/robot_control_msgs/cmake/robot_control_msgs__rosidl_typesupport_introspection_cppExport.cmake
-- Installing: /home/wjc/zrz_ros2_ws/src/ros2_ws/install/robot_control_msgs/share/robot_control_msgs/cmake/robot_control_msgs__rosidl_typesupport_introspection_cppExport-release.cmake
-- Installing: /home/wjc/zrz_ros2_ws/src/ros2_ws/install/robot_control_msgs/share/robot_control_msgs/cmake/robot_control_msgs__rosidl_typesupport_cppExport.cmake
-- Installing: /home/wjc/zrz_ros2_ws/src/ros2_ws/install/robot_control_msgs/share/robot_control_msgs/cmake/robot_control_msgs__rosidl_typesupport_cppExport-release.cmake
-- Installing: /home/wjc/zrz_ros2_ws/src/ros2_ws/install/robot_control_msgs/share/robot_control_msgs/cmake/export_robot_control_msgs__rosidl_generator_pyExport.cmake
-- Installing: /home/wjc/zrz_ros2_ws/src/ros2_ws/install/robot_control_msgs/share/robot_control_msgs/cmake/export_robot_control_msgs__rosidl_generator_pyExport-release.cmake
