-- The C compiler identification is GNU 13.3.0
-- The CXX compiler identification is GNU 13.3.0
-- Detecting C compiler ABI info
-- Detecting C compiler ABI info - done
-- Check for working C compiler: /usr/bin/cc - skipped
-- Detecting C compile features
-- Detecting C compile features - done
-- Detecting CXX compiler ABI info
-- Detecting CXX compiler ABI info - done
-- Check for working CXX compiler: /usr/bin/c++ - skipped
-- Detecting CXX compile features
-- Detecting CXX compile features - done
-- Found urdf: 2.10.0 (/opt/ros/jazzy/share/urdf/cmake)
-- Found Python3: /usr/bin/python3 (found version "3.12.3") found components: Interpreter 
-- Override CMake install command with custom implementation using symlinks instead of copying resources
-- Found TinyXML2 via Config file: /usr/lib/x86_64-linux-gnu/cmake/tinyxml2
-- Found ament_lint_auto: 0.17.1 (/opt/ros/jazzy/share/ament_lint_auto/cmake)
-- Added test 'cppcheck' to perform static code analysis on C / C++ code
-- Configured cppcheck include dirs: $<BUILD_INTERFACE:/home/wjc/zrz_ros2_ws/src/ros2_ws/robot_math/include>
-- Configured cppcheck exclude dirs and/or files: 
-- Added test 'flake8' to check Python code syntax and style conventions
-- Configured 'flake8' exclude dirs and/or files: 
-- Added test 'lint_cmake' to check CMake code style
-- Added test 'pep257' to check Python code against some of the docstring style conventions in PEP 257
-- Added test 'uncrustify' to check C / C++ code style
-- Configured uncrustify additional arguments: 
-- Added test 'xmllint' to check XML markup files
-- Configuring done (2.3s)
-- Generating done (0.0s)
-- Build files have been written to: /home/wjc/zrz_ros2_ws/src/ros2_ws/build/robot_math
[ 40%] [32mBuilding CXX object CMakeFiles/robot_math.dir/src/OnlineTrajPlanner.cpp.o[0m
[ 40%] [32mBuilding CXX object CMakeFiles/robot_math.dir/src/robot_math.cpp.o[0m
[01m[K/home/wjc/zrz_ros2_ws/src/ros2_ws/robot_math/src/robot_math.cpp:[m[K In function ‘[01m[Kvoid robot_math::[01;32m[Krcm_Jacobian[m[K(const Robot*, const std::vector<double>&, const std::vector<double>&, const Eigen::Vector3d&, const Eigen::Vector3d&, const Eigen::Vector3d&, const Eigen::MatrixXd&, const Eigen::MatrixXd&, const Eigen::Matrix4d&, const Eigen::Matrix4d&, Eigen::MatrixXd&, Eigen::MatrixXd&, Eigen::Vector3d&)[m[K’:
[01m[K/home/wjc/zrz_ros2_ws/src/ros2_ws/robot_math/src/robot_math.cpp:11:70:[m[K [01;35m[Kwarning: [m[Kunused parameter ‘[01m[Kq[m[K’ [[01;35m[K]8;;https://gcc.gnu.org/onlinedocs/gcc/Warning-Options.html#index-Wunused-parameter-Wunused-parameter]8;;[m[K]
   11 |     void rcm_Jacobian(const Robot *robot, [01;35m[Kconst std::vector<double> &q[m[K, const std::vector<double> &dq_array,
      |                                           [01;35m[K~~~~~~~~~~~~~~~~~~~~~~~~~~~^[m[K
[ 60%] [32m[1mLinking CXX shared library librobot_math.so[0m
[ 60%] Built target robot_math
[ 80%] [32mBuilding CXX object CMakeFiles/test_robot_math.dir/test/main.cpp.o[0m
In file included from [01m[K/home/wjc/zrz_ros2_ws/src/ros2_ws/robot_math/test/main.cpp:8[m[K:
[01m[K/home/wjc/zrz_ros2_ws/src/ros2_ws/robot_math/include/robot_math/CartesianTrajectory.hpp:8:11:[m[K [01;35m[Kwarning: [m[K‘[01m[Krobot_math::CartesianTrajectory[m[K’ has a field ‘[01m[K{anonymous}::tk::spline robot_math::CartesianTrajectory::spl_ [3][m[K’ whose type uses the anonymous namespace [[01;35m[K]8;;https://gcc.gnu.org/onlinedocs/gcc/Warning-Options.html#index-Wsubobject-linkage-Wsubobject-linkage]8;;[m[K]
    8 |     class [01;35m[KCartesianTrajectory[m[K
      |           [01;35m[K^~~~~~~~~~~~~~~~~~~[m[K
[100%] [32m[1mLinking CXX executable test_robot_math[0m
[100%] Built target test_robot_math
-- Install configuration: "Release"
-- Execute custom install script
-- Symlinking: /home/wjc/zrz_ros2_ws/src/ros2_ws/install/robot_math/include/robot_math/robot_math/CartesianTrajectory.hpp
-- Symlinking: /home/wjc/zrz_ros2_ws/src/ros2_ws/install/robot_math/include/robot_math/robot_math/CartesianTrajectoryPlanner.hpp
-- Symlinking: /home/wjc/zrz_ros2_ws/src/ros2_ws/install/robot_math/include/robot_math/robot_math/JointTrajectoryPlanner.hpp
-- Symlinking: /home/wjc/zrz_ros2_ws/src/ros2_ws/install/robot_math/include/robot_math/robot_math/LinearFunction.hpp
-- Symlinking: /home/wjc/zrz_ros2_ws/src/ros2_ws/install/robot_math/include/robot_math/robot_math/MovingFilter.h
-- Symlinking: /home/wjc/zrz_ros2_ws/src/ros2_ws/install/robot_math/include/robot_math/robot_math/OnlineTrajPlanner.h
-- Symlinking: /home/wjc/zrz_ros2_ws/src/ros2_ws/install/robot_math/include/robot_math/robot_math/ScaleFunction.hpp
-- Symlinking: /home/wjc/zrz_ros2_ws/src/ros2_ws/install/robot_math/include/robot_math/robot_math/TrapezoidFunction.hpp
-- Symlinking: /home/wjc/zrz_ros2_ws/src/ros2_ws/install/robot_math/include/robot_math/robot_math/robot_math.hpp
-- Symlinking: /home/wjc/zrz_ros2_ws/src/ros2_ws/install/robot_math/include/robot_math/robot_math/spline.h
-- Symlinking: /home/wjc/zrz_ros2_ws/src/ros2_ws/install/robot_math/include/robot_math/robot_math/visibility_control.h
-- Symlinking: /home/wjc/zrz_ros2_ws/src/ros2_ws/install/robot_math/lib/robot_math/test_robot_math
-- Symlinking: /home/wjc/zrz_ros2_ws/src/ros2_ws/install/robot_math/share/robot_math/environment/library_path.sh
-- Symlinking: /home/wjc/zrz_ros2_ws/src/ros2_ws/install/robot_math/share/robot_math/environment/library_path.dsv
-- Symlinking: /home/wjc/zrz_ros2_ws/src/ros2_ws/install/robot_math/share/ament_index/resource_index/package_run_dependencies/robot_math
-- Symlinking: /home/wjc/zrz_ros2_ws/src/ros2_ws/install/robot_math/share/ament_index/resource_index/parent_prefix_path/robot_math
-- Symlinking: /home/wjc/zrz_ros2_ws/src/ros2_ws/install/robot_math/share/robot_math/environment/ament_prefix_path.sh
-- Symlinking: /home/wjc/zrz_ros2_ws/src/ros2_ws/install/robot_math/share/robot_math/environment/ament_prefix_path.dsv
-- Symlinking: /home/wjc/zrz_ros2_ws/src/ros2_ws/install/robot_math/share/robot_math/environment/path.sh
-- Symlinking: /home/wjc/zrz_ros2_ws/src/ros2_ws/install/robot_math/share/robot_math/environment/path.dsv
-- Symlinking: /home/wjc/zrz_ros2_ws/src/ros2_ws/install/robot_math/share/robot_math/local_setup.bash
-- Symlinking: /home/wjc/zrz_ros2_ws/src/ros2_ws/install/robot_math/share/robot_math/local_setup.sh
-- Symlinking: /home/wjc/zrz_ros2_ws/src/ros2_ws/install/robot_math/share/robot_math/local_setup.zsh
-- Symlinking: /home/wjc/zrz_ros2_ws/src/ros2_ws/install/robot_math/share/robot_math/local_setup.dsv
-- Symlinking: /home/wjc/zrz_ros2_ws/src/ros2_ws/install/robot_math/share/robot_math/package.dsv
-- Symlinking: /home/wjc/zrz_ros2_ws/src/ros2_ws/install/robot_math/share/ament_index/resource_index/packages/robot_math
-- Symlinking: /home/wjc/zrz_ros2_ws/src/ros2_ws/install/robot_math/share/robot_math/cmake/ament_cmake_export_include_directories-extras.cmake
-- Symlinking: /home/wjc/zrz_ros2_ws/src/ros2_ws/install/robot_math/share/robot_math/cmake/ament_cmake_export_libraries-extras.cmake
-- Symlinking: /home/wjc/zrz_ros2_ws/src/ros2_ws/install/robot_math/share/robot_math/cmake/ament_cmake_export_targets-extras.cmake
-- Symlinking: /home/wjc/zrz_ros2_ws/src/ros2_ws/install/robot_math/share/robot_math/cmake/robot_mathConfig.cmake
-- Symlinking: /home/wjc/zrz_ros2_ws/src/ros2_ws/install/robot_math/share/robot_math/cmake/robot_mathConfig-version.cmake
-- Symlinking: /home/wjc/zrz_ros2_ws/src/ros2_ws/install/robot_math/share/robot_math/package.xml
-- Installing: /home/wjc/zrz_ros2_ws/src/ros2_ws/install/robot_math/lib/librobot_math.so
-- Set non-toolchain portion of runtime path of "/home/wjc/zrz_ros2_ws/src/ros2_ws/install/robot_math/lib/librobot_math.so" to ""
-- Installing: /home/wjc/zrz_ros2_ws/src/ros2_ws/install/robot_math/share/robot_math/cmake/export_robot_mathExport.cmake
-- Installing: /home/wjc/zrz_ros2_ws/src/ros2_ws/install/robot_math/share/robot_math/cmake/export_robot_mathExport-release.cmake
