[0.085s] Invoking command in '/home/wjc/zrz_ros2_ws/src/ros2_ws/build/robot_math': CMAKE_PREFIX_PATH=${CMAKE_PREFIX_PATH}:/opt/ros/jazzy DEBUGINFOD_URLS=https://debuginfod.ubuntu.com /usr/bin/cmake /home/wjc/zrz_ros2_ws/src/ros2_ws/robot_math -DCMAKE_BUILD_TYPE=Release -DAMENT_CMAKE_SYMLINK_INSTALL=1 -DCMAKE_INSTALL_PREFIX=/home/wjc/zrz_ros2_ws/src/ros2_ws/install/robot_math
[0.697s] -- The C compiler identification is GNU 13.3.0
[0.699s] -- The CXX compiler identification is GNU 13.3.0
[0.699s] -- Detecting C compiler ABI info
[0.818s] -- Detecting C compiler ABI info - done
[0.840s] -- Check for working C compiler: /usr/bin/cc - skipped
[0.840s] -- Detecting C compile features
[0.842s] -- Detecting C compile features - done
[0.866s] -- Detecting CXX compiler ABI info
[1.214s] -- Detecting CXX compiler ABI info - done
[1.232s] -- Check for working CXX compiler: /usr/bin/c++ - skipped
[1.233s] -- Detecting CXX compile features
[1.234s] -- Detecting CXX compile features - done
[1.251s] -- Found urdf: 2.10.0 (/opt/ros/jazzy/share/urdf/cmake)
[1.625s] -- Found Python3: /usr/bin/python3 (found version "3.12.3") found components: Interpreter 
[1.796s] -- Override CMake install command with custom implementation using symlinks instead of copying resources
[2.048s] -- Found TinyXML2 via Config file: /usr/lib/x86_64-linux-gnu/cmake/tinyxml2
[2.112s] -- Found ament_lint_auto: 0.17.1 (/opt/ros/jazzy/share/ament_lint_auto/cmake)
[2.353s] -- Added test 'cppcheck' to perform static code analysis on C / C++ code
[2.353s] -- Configured cppcheck include dirs: $<BUILD_INTERFACE:/home/wjc/zrz_ros2_ws/src/ros2_ws/robot_math/include>
[2.353s] -- Configured cppcheck exclude dirs and/or files: 
[2.355s] -- Added test 'flake8' to check Python code syntax and style conventions
[2.355s] -- Configured 'flake8' exclude dirs and/or files: 
[2.356s] -- Added test 'lint_cmake' to check CMake code style
[2.357s] -- Added test 'pep257' to check Python code against some of the docstring style conventions in PEP 257
[2.360s] -- Added test 'uncrustify' to check C / C++ code style
[2.360s] -- Configured uncrustify additional arguments: 
[2.361s] -- Added test 'xmllint' to check XML markup files
[2.371s] -- Configuring done (2.3s)
[2.395s] -- Generating done (0.0s)
[2.403s] -- Build files have been written to: /home/wjc/zrz_ros2_ws/src/ros2_ws/build/robot_math
[2.431s] Invoked command in '/home/wjc/zrz_ros2_ws/src/ros2_ws/build/robot_math' returned '0': CMAKE_PREFIX_PATH=${CMAKE_PREFIX_PATH}:/opt/ros/jazzy DEBUGINFOD_URLS=https://debuginfod.ubuntu.com /usr/bin/cmake /home/wjc/zrz_ros2_ws/src/ros2_ws/robot_math -DCMAKE_BUILD_TYPE=Release -DAMENT_CMAKE_SYMLINK_INSTALL=1 -DCMAKE_INSTALL_PREFIX=/home/wjc/zrz_ros2_ws/src/ros2_ws/install/robot_math
[2.434s] Invoking command in '/home/wjc/zrz_ros2_ws/src/ros2_ws/build/robot_math': CMAKE_PREFIX_PATH=${CMAKE_PREFIX_PATH}:/opt/ros/jazzy DEBUGINFOD_URLS=https://debuginfod.ubuntu.com /usr/bin/cmake --build /home/wjc/zrz_ros2_ws/src/ros2_ws/build/robot_math -- -j16 -l16
[2.558s] [ 40%] [32mBuilding CXX object CMakeFiles/robot_math.dir/src/OnlineTrajPlanner.cpp.o[0m
[2.558s] [ 40%] [32mBuilding CXX object CMakeFiles/robot_math.dir/src/robot_math.cpp.o[0m
[6.803s] [01m[K/home/wjc/zrz_ros2_ws/src/ros2_ws/robot_math/src/robot_math.cpp:[m[K In function ‘[01m[Kvoid robot_math::[01;32m[Krcm_Jacobian[m[K(const Robot*, const std::vector<double>&, const std::vector<double>&, const Eigen::Vector3d&, const Eigen::Vector3d&, const Eigen::Vector3d&, const Eigen::MatrixXd&, const Eigen::MatrixXd&, const Eigen::Matrix4d&, const Eigen::Matrix4d&, Eigen::MatrixXd&, Eigen::MatrixXd&, Eigen::Vector3d&)[m[K’:
[6.803s] [01m[K/home/wjc/zrz_ros2_ws/src/ros2_ws/robot_math/src/robot_math.cpp:11:70:[m[K [01;35m[Kwarning: [m[Kunused parameter ‘[01m[Kq[m[K’ [[01;35m[K]8;;https://gcc.gnu.org/onlinedocs/gcc/Warning-Options.html#index-Wunused-parameter-Wunused-parameter]8;;[m[K]
[6.803s]    11 |     void rcm_Jacobian(const Robot *robot, [01;35m[Kconst std::vector<double> &q[m[K, const std::vector<double> &dq_array,
[6.804s]       |                                           [01;35m[K~~~~~~~~~~~~~~~~~~~~~~~~~~~^[m[K
[105.780s] [ 60%] [32m[1mLinking CXX shared library librobot_math.so[0m
[105.905s] [ 60%] Built target robot_math
[105.946s] [ 80%] [32mBuilding CXX object CMakeFiles/test_robot_math.dir/test/main.cpp.o[0m
[107.813s] In file included from [01m[K/home/wjc/zrz_ros2_ws/src/ros2_ws/robot_math/test/main.cpp:8[m[K:
[107.813s] [01m[K/home/wjc/zrz_ros2_ws/src/ros2_ws/robot_math/include/robot_math/CartesianTrajectory.hpp:8:11:[m[K [01;35m[Kwarning: [m[K‘[01m[Krobot_math::CartesianTrajectory[m[K’ has a field ‘[01m[K{anonymous}::tk::spline robot_math::CartesianTrajectory::spl_ [3][m[K’ whose type uses the anonymous namespace [[01;35m[K]8;;https://gcc.gnu.org/onlinedocs/gcc/Warning-Options.html#index-Wsubobject-linkage-Wsubobject-linkage]8;;[m[K]
[107.814s]     8 |     class [01;35m[KCartesianTrajectory[m[K
[107.814s]       |           [01;35m[K^~~~~~~~~~~~~~~~~~~[m[K
[108.338s] [100%] [32m[1mLinking CXX executable test_robot_math[0m
[108.450s] [100%] Built target test_robot_math
[108.471s] Invoked command in '/home/wjc/zrz_ros2_ws/src/ros2_ws/build/robot_math' returned '0': CMAKE_PREFIX_PATH=${CMAKE_PREFIX_PATH}:/opt/ros/jazzy DEBUGINFOD_URLS=https://debuginfod.ubuntu.com /usr/bin/cmake --build /home/wjc/zrz_ros2_ws/src/ros2_ws/build/robot_math -- -j16 -l16
[108.472s] Invoking command in '/home/wjc/zrz_ros2_ws/src/ros2_ws/build/robot_math': CMAKE_PREFIX_PATH=${CMAKE_PREFIX_PATH}:/opt/ros/jazzy DEBUGINFOD_URLS=https://debuginfod.ubuntu.com /usr/bin/cmake --install /home/wjc/zrz_ros2_ws/src/ros2_ws/build/robot_math
[108.488s] -- Install configuration: "Release"
[108.489s] -- Execute custom install script
[108.490s] -- Symlinking: /home/wjc/zrz_ros2_ws/src/ros2_ws/install/robot_math/include/robot_math/robot_math/CartesianTrajectory.hpp
[108.508s] -- Symlinking: /home/wjc/zrz_ros2_ws/src/ros2_ws/install/robot_math/include/robot_math/robot_math/CartesianTrajectoryPlanner.hpp
[108.524s] -- Symlinking: /home/wjc/zrz_ros2_ws/src/ros2_ws/install/robot_math/include/robot_math/robot_math/JointTrajectoryPlanner.hpp
[108.540s] -- Symlinking: /home/wjc/zrz_ros2_ws/src/ros2_ws/install/robot_math/include/robot_math/robot_math/LinearFunction.hpp
[108.554s] -- Symlinking: /home/wjc/zrz_ros2_ws/src/ros2_ws/install/robot_math/include/robot_math/robot_math/MovingFilter.h
[108.580s] -- Symlinking: /home/wjc/zrz_ros2_ws/src/ros2_ws/install/robot_math/include/robot_math/robot_math/OnlineTrajPlanner.h
[108.602s] -- Symlinking: /home/wjc/zrz_ros2_ws/src/ros2_ws/install/robot_math/include/robot_math/robot_math/ScaleFunction.hpp
[108.623s] -- Symlinking: /home/wjc/zrz_ros2_ws/src/ros2_ws/install/robot_math/include/robot_math/robot_math/TrapezoidFunction.hpp
[108.647s] -- Symlinking: /home/wjc/zrz_ros2_ws/src/ros2_ws/install/robot_math/include/robot_math/robot_math/robot_math.hpp
[108.668s] -- Symlinking: /home/wjc/zrz_ros2_ws/src/ros2_ws/install/robot_math/include/robot_math/robot_math/spline.h
[108.686s] -- Symlinking: /home/wjc/zrz_ros2_ws/src/ros2_ws/install/robot_math/include/robot_math/robot_math/visibility_control.h
[108.708s] -- Symlinking: /home/wjc/zrz_ros2_ws/src/ros2_ws/install/robot_math/lib/robot_math/test_robot_math
[108.725s] -- Symlinking: /home/wjc/zrz_ros2_ws/src/ros2_ws/install/robot_math/share/robot_math/environment/library_path.sh
[108.742s] -- Symlinking: /home/wjc/zrz_ros2_ws/src/ros2_ws/install/robot_math/share/robot_math/environment/library_path.dsv
[108.764s] -- Symlinking: /home/wjc/zrz_ros2_ws/src/ros2_ws/install/robot_math/share/ament_index/resource_index/package_run_dependencies/robot_math
[108.784s] -- Symlinking: /home/wjc/zrz_ros2_ws/src/ros2_ws/install/robot_math/share/ament_index/resource_index/parent_prefix_path/robot_math
[108.802s] -- Symlinking: /home/wjc/zrz_ros2_ws/src/ros2_ws/install/robot_math/share/robot_math/environment/ament_prefix_path.sh
[108.819s] -- Symlinking: /home/wjc/zrz_ros2_ws/src/ros2_ws/install/robot_math/share/robot_math/environment/ament_prefix_path.dsv
[108.839s] -- Symlinking: /home/wjc/zrz_ros2_ws/src/ros2_ws/install/robot_math/share/robot_math/environment/path.sh
[108.857s] -- Symlinking: /home/wjc/zrz_ros2_ws/src/ros2_ws/install/robot_math/share/robot_math/environment/path.dsv
[108.873s] -- Symlinking: /home/wjc/zrz_ros2_ws/src/ros2_ws/install/robot_math/share/robot_math/local_setup.bash
[108.887s] -- Symlinking: /home/wjc/zrz_ros2_ws/src/ros2_ws/install/robot_math/share/robot_math/local_setup.sh
[108.907s] -- Symlinking: /home/wjc/zrz_ros2_ws/src/ros2_ws/install/robot_math/share/robot_math/local_setup.zsh
[108.925s] -- Symlinking: /home/wjc/zrz_ros2_ws/src/ros2_ws/install/robot_math/share/robot_math/local_setup.dsv
[108.941s] -- Symlinking: /home/wjc/zrz_ros2_ws/src/ros2_ws/install/robot_math/share/robot_math/package.dsv
[108.959s] -- Symlinking: /home/wjc/zrz_ros2_ws/src/ros2_ws/install/robot_math/share/ament_index/resource_index/packages/robot_math
[108.978s] -- Symlinking: /home/wjc/zrz_ros2_ws/src/ros2_ws/install/robot_math/share/robot_math/cmake/ament_cmake_export_include_directories-extras.cmake
[108.995s] -- Symlinking: /home/wjc/zrz_ros2_ws/src/ros2_ws/install/robot_math/share/robot_math/cmake/ament_cmake_export_libraries-extras.cmake
[109.014s] -- Symlinking: /home/wjc/zrz_ros2_ws/src/ros2_ws/install/robot_math/share/robot_math/cmake/ament_cmake_export_targets-extras.cmake
[109.037s] -- Symlinking: /home/wjc/zrz_ros2_ws/src/ros2_ws/install/robot_math/share/robot_math/cmake/robot_mathConfig.cmake
[109.055s] -- Symlinking: /home/wjc/zrz_ros2_ws/src/ros2_ws/install/robot_math/share/robot_math/cmake/robot_mathConfig-version.cmake
[109.072s] -- Symlinking: /home/wjc/zrz_ros2_ws/src/ros2_ws/install/robot_math/share/robot_math/package.xml
[109.092s] -- Installing: /home/wjc/zrz_ros2_ws/src/ros2_ws/install/robot_math/lib/librobot_math.so
[109.095s] -- Set non-toolchain portion of runtime path of "/home/wjc/zrz_ros2_ws/src/ros2_ws/install/robot_math/lib/librobot_math.so" to ""
[109.095s] -- Installing: /home/wjc/zrz_ros2_ws/src/ros2_ws/install/robot_math/share/robot_math/cmake/export_robot_mathExport.cmake
[109.098s] -- Installing: /home/wjc/zrz_ros2_ws/src/ros2_ws/install/robot_math/share/robot_math/cmake/export_robot_mathExport-release.cmake
[109.102s] Invoked command in '/home/wjc/zrz_ros2_ws/src/ros2_ws/build/robot_math' returned '0': CMAKE_PREFIX_PATH=${CMAKE_PREFIX_PATH}:/opt/ros/jazzy DEBUGINFOD_URLS=https://debuginfod.ubuntu.com /usr/bin/cmake --install /home/wjc/zrz_ros2_ws/src/ros2_ws/build/robot_math
