[0.632s] Invoking command in '/home/wjc/zrz_ros2_ws/src/ros2_ws/build/ur_calibration': CMAKE_PREFIX_PATH=${CMAKE_PREFIX_PATH}:/opt/ros/jazzy DEBUGINFOD_URLS=https://debuginfod.ubuntu.com /usr/bin/cmake /home/wjc/zrz_ros2_ws/src/ros2_ws/ur_calibration -DCMAKE_BUILD_TYPE=Release -DAMENT_CMAKE_SYMLINK_INSTALL=1 -DCMAKE_INSTALL_PREFIX=/home/wjc/zrz_ros2_ws/src/ros2_ws/install/ur_calibration
[0.779s] -- The C compiler identification is GNU 13.3.0
[0.984s] -- The CXX compiler identification is GNU 13.3.0
[1.044s] -- Detecting C compiler ABI info
[1.279s] -- Detecting C compiler ABI info - done
[1.296s] -- Check for working C compiler: /usr/bin/cc - skipped
[1.296s] -- Detecting C compile features
[1.296s] -- Detecting C compile features - done
[1.313s] -- Detecting CXX compiler ABI info
[1.554s] -- Detecting CXX compiler ABI info - done
[1.573s] -- Check for working CXX compiler: /usr/bin/c++ - skipped
[1.573s] -- Detecting CXX compile features
[1.574s] -- Detecting CXX compile features - done
[1.581s] -- Found ament_cmake: 2.5.3 (/opt/ros/jazzy/share/ament_cmake/cmake)
[1.922s] -- Found Python3: /usr/bin/python3 (found version "3.12.3") found components: Interpreter 
[2.086s] -- Override CMake install command with custom implementation using symlinks instead of copying resources
[2.181s] -- Found rclcpp: 28.1.6 (/opt/ros/jazzy/share/rclcpp/cmake)
[2.293s] -- Found rosidl_generator_c: 4.6.5 (/opt/ros/jazzy/share/rosidl_generator_c/cmake)
[2.336s] -- Found rosidl_generator_cpp: 4.6.5 (/opt/ros/jazzy/share/rosidl_generator_cpp/cmake)
[2.381s] -- Using all available rosidl_typesupport_c: rosidl_typesupport_fastrtps_c;rosidl_typesupport_introspection_c
[2.429s] -- Using all available rosidl_typesupport_cpp: rosidl_typesupport_fastrtps_cpp;rosidl_typesupport_introspection_cpp
[2.690s] -- Found rmw_implementation_cmake: 7.3.1 (/opt/ros/jazzy/share/rmw_implementation_cmake/cmake)
[2.702s] -- Found rmw_fastrtps_cpp: 8.4.1 (/opt/ros/jazzy/share/rmw_fastrtps_cpp/cmake)
[3.016s] -- Found OpenSSL: /usr/lib/x86_64-linux-gnu/libcrypto.so (found version "3.0.13")  
[3.075s] -- Found FastRTPS: /opt/ros/jazzy/include (Required is at least version "2.13") 
[3.129s] -- Using RMW implementation 'rmw_fastrtps_cpp' as default
[3.376s] -- Found ur_robot_driver: 3.1.0 (/opt/ros/jazzy/share/ur_robot_driver/cmake)
[4.803s] -- Found eigen3_cmake_module: 0.3.0 (/opt/ros/jazzy/share/eigen3_cmake_module/cmake)
[4.811s] -- Found Eigen3: TRUE (found version "3.4.0") 
[4.811s] -- Ensuring Eigen3 include directory is part of orocos-kdl CMake target
[5.358s] -- Found ament_cmake_gmock: 2.5.3 (/opt/ros/jazzy/share/ament_cmake_gmock/cmake)
[5.368s] -- Found gmock sources under '/opt/ros/jazzy/src/gmock_vendor': C++ tests using 'Google Mock' will be built
[5.387s] -- Found ament_cmake_gtest: 2.5.3 (/opt/ros/jazzy/share/ament_cmake_gtest/cmake)
[5.390s] -- Found gtest sources under '/opt/ros/jazzy/src/gtest_vendor': C++ tests using 'Google Test' will be built
[5.644s] -- Configuring done (5.0s)
[5.930s] -- Generating done (0.2s)
[5.953s] -- Build files have been written to: /home/wjc/zrz_ros2_ws/src/ros2_ws/build/ur_calibration
[6.031s] Invoked command in '/home/wjc/zrz_ros2_ws/src/ros2_ws/build/ur_calibration' returned '0': CMAKE_PREFIX_PATH=${CMAKE_PREFIX_PATH}:/opt/ros/jazzy DEBUGINFOD_URLS=https://debuginfod.ubuntu.com /usr/bin/cmake /home/wjc/zrz_ros2_ws/src/ros2_ws/ur_calibration -DCMAKE_BUILD_TYPE=Release -DAMENT_CMAKE_SYMLINK_INSTALL=1 -DCMAKE_INSTALL_PREFIX=/home/wjc/zrz_ros2_ws/src/ros2_ws/install/ur_calibration
[6.034s] Invoking command in '/home/wjc/zrz_ros2_ws/src/ros2_ws/build/ur_calibration': CMAKE_PREFIX_PATH=${CMAKE_PREFIX_PATH}:/opt/ros/jazzy DEBUGINFOD_URLS=https://debuginfod.ubuntu.com /usr/bin/cmake --build /home/wjc/zrz_ros2_ws/src/ros2_ws/build/ur_calibration -- -j16 -l16
[6.182s] [ 16%] [32mBuilding CXX object gmock/CMakeFiles/gmock.dir/opt/ros/jazzy/src/gtest_vendor/src/gtest-all.cc.o[0m
[6.183s] [ 16%] [32mBuilding CXX object gmock/CMakeFiles/gmock.dir/src/gmock-all.cc.o[0m
[6.183s] [ 33%] [32mBuilding CXX object CMakeFiles/calibration.dir/src/calibration_consumer.cpp.o[0m
[6.184s] [ 33%] [32mBuilding CXX object CMakeFiles/calibration.dir/src/calibration.cpp.o[0m
[6.199s] [ 41%] [32mBuilding CXX object gmock/CMakeFiles/gmock_main.dir/src/gmock_main.cc.o[0m
[9.353s] [ 50%] [32m[1mLinking CXX static library libgmock_main.a[0m
[9.551s] [ 50%] Built target gmock_main
[28.183s] [ 58%] [32m[1mLinking CXX static library libcalibration.a[0m
[28.328s] [ 58%] Built target calibration
[28.378s] [ 66%] [32mBuilding CXX object CMakeFiles/calibration_correction.dir/src/calibration_correction.cpp.o[0m
[30.537s] [ 75%] [32m[1mLinking CXX static library libgmock.a[0m
[30.703s] [ 75%] Built target gmock
[30.754s] [ 83%] [32mBuilding CXX object CMakeFiles/calibration_test.dir/test/calibration_test.cpp.o[0m
[43.890s] [ 91%] [32m[1mLinking CXX executable calibration_correction[0m
[44.787s] [ 91%] Built target calibration_correction
[49.696s] [100%] [32m[1mLinking CXX executable calibration_test[0m
[50.203s] [100%] Built target calibration_test
[50.234s] Invoked command in '/home/wjc/zrz_ros2_ws/src/ros2_ws/build/ur_calibration' returned '0': CMAKE_PREFIX_PATH=${CMAKE_PREFIX_PATH}:/opt/ros/jazzy DEBUGINFOD_URLS=https://debuginfod.ubuntu.com /usr/bin/cmake --build /home/wjc/zrz_ros2_ws/src/ros2_ws/build/ur_calibration -- -j16 -l16
[50.236s] Invoking command in '/home/wjc/zrz_ros2_ws/src/ros2_ws/build/ur_calibration': CMAKE_PREFIX_PATH=${CMAKE_PREFIX_PATH}:/opt/ros/jazzy DEBUGINFOD_URLS=https://debuginfod.ubuntu.com /usr/bin/cmake --install /home/wjc/zrz_ros2_ws/src/ros2_ws/build/ur_calibration
[50.255s] -- Install configuration: "Release"
[50.256s] -- Execute custom install script
[50.257s] -- Symlinking: /home/wjc/zrz_ros2_ws/src/ros2_ws/install/ur_calibration/lib/ur_calibration/calibration_correction
[50.282s] -- Symlinking: /home/wjc/zrz_ros2_ws/src/ros2_ws/install/ur_calibration/include/ur_calibration/calibration.hpp
[50.300s] -- Symlinking: /home/wjc/zrz_ros2_ws/src/ros2_ws/install/ur_calibration/include/ur_calibration/calibration_consumer.hpp
[50.318s] -- Symlinking: /home/wjc/zrz_ros2_ws/src/ros2_ws/install/ur_calibration/share/ur_calibration/launch/calibration_correction.launch.py
[50.341s] -- Symlinking: /home/wjc/zrz_ros2_ws/src/ros2_ws/install/ur_calibration/share/ament_index/resource_index/package_run_dependencies/ur_calibration
[50.363s] -- Symlinking: /home/wjc/zrz_ros2_ws/src/ros2_ws/install/ur_calibration/share/ament_index/resource_index/parent_prefix_path/ur_calibration
[50.387s] -- Symlinking: /home/wjc/zrz_ros2_ws/src/ros2_ws/install/ur_calibration/share/ur_calibration/environment/ament_prefix_path.sh
[50.412s] -- Symlinking: /home/wjc/zrz_ros2_ws/src/ros2_ws/install/ur_calibration/share/ur_calibration/environment/ament_prefix_path.dsv
[50.432s] -- Symlinking: /home/wjc/zrz_ros2_ws/src/ros2_ws/install/ur_calibration/share/ur_calibration/environment/path.sh
[50.450s] -- Symlinking: /home/wjc/zrz_ros2_ws/src/ros2_ws/install/ur_calibration/share/ur_calibration/environment/path.dsv
[50.471s] -- Symlinking: /home/wjc/zrz_ros2_ws/src/ros2_ws/install/ur_calibration/share/ur_calibration/local_setup.bash
[50.494s] -- Symlinking: /home/wjc/zrz_ros2_ws/src/ros2_ws/install/ur_calibration/share/ur_calibration/local_setup.sh
[50.514s] -- Symlinking: /home/wjc/zrz_ros2_ws/src/ros2_ws/install/ur_calibration/share/ur_calibration/local_setup.zsh
[50.531s] -- Symlinking: /home/wjc/zrz_ros2_ws/src/ros2_ws/install/ur_calibration/share/ur_calibration/local_setup.dsv
[50.555s] -- Symlinking: /home/wjc/zrz_ros2_ws/src/ros2_ws/install/ur_calibration/share/ur_calibration/package.dsv
[50.574s] -- Symlinking: /home/wjc/zrz_ros2_ws/src/ros2_ws/install/ur_calibration/share/ament_index/resource_index/packages/ur_calibration
[50.591s] -- Symlinking: /home/wjc/zrz_ros2_ws/src/ros2_ws/install/ur_calibration/share/ur_calibration/cmake/ament_cmake_export_include_directories-extras.cmake
[50.616s] -- Symlinking: /home/wjc/zrz_ros2_ws/src/ros2_ws/install/ur_calibration/share/ur_calibration/cmake/ament_cmake_export_dependencies-extras.cmake
[50.635s] -- Symlinking: /home/wjc/zrz_ros2_ws/src/ros2_ws/install/ur_calibration/share/ur_calibration/cmake/ur_calibrationConfig.cmake
[50.653s] -- Symlinking: /home/wjc/zrz_ros2_ws/src/ros2_ws/install/ur_calibration/share/ur_calibration/cmake/ur_calibrationConfig-version.cmake
[50.680s] -- Symlinking: /home/wjc/zrz_ros2_ws/src/ros2_ws/install/ur_calibration/share/ur_calibration/package.xml
[50.709s] Invoked command in '/home/wjc/zrz_ros2_ws/src/ros2_ws/build/ur_calibration' returned '0': CMAKE_PREFIX_PATH=${CMAKE_PREFIX_PATH}:/opt/ros/jazzy DEBUGINFOD_URLS=https://debuginfod.ubuntu.com /usr/bin/cmake --install /home/wjc/zrz_ros2_ws/src/ros2_ws/build/ur_calibration
