-- The C compiler identification is GNU 13.3.0
-- The CXX compiler identification is GNU 13.3.0
-- Detecting C compiler ABI info
-- Detecting C compiler ABI info - done
-- Check for working C compiler: /usr/bin/cc - skipped
-- Detecting C compile features
-- Detecting C compile features - done
-- Detecting CXX compiler ABI info
-- Detecting CXX compiler ABI info - done
-- Check for working CXX compiler: /usr/bin/c++ - skipped
-- Detecting CXX compile features
-- Detecting CXX compile features - done
-- Found ament_cmake: 2.5.3 (/opt/ros/jazzy/share/ament_cmake/cmake)
-- Found Python3: /usr/bin/python3 (found version "3.12.3") found components: Interpreter 
-- Override CMake install command with custom implementation using symlinks instead of copying resources
-- Performing Test CMAKE_HAVE_LIBC_PTHREAD
-- Performing Test CMAKE_HAVE_LIBC_PTHREAD - Success
-- Found Threads: TRUE  
-- Found rclcpp: 28.1.6 (/opt/ros/jazzy/share/rclcpp/cmake)
-- Found rosidl_generator_c: 4.6.5 (/opt/ros/jazzy/share/rosidl_generator_c/cmake)
-- Found rosidl_generator_cpp: 4.6.5 (/opt/ros/jazzy/share/rosidl_generator_cpp/cmake)
-- Using all available rosidl_typesupport_c: rosidl_typesupport_fastrtps_c;rosidl_typesupport_introspection_c
-- Using all available rosidl_typesupport_cpp: rosidl_typesupport_fastrtps_cpp;rosidl_typesupport_introspection_cpp
-- Found rmw_implementation_cmake: 7.3.1 (/opt/ros/jazzy/share/rmw_implementation_cmake/cmake)
-- Found rmw_fastrtps_cpp: 8.4.1 (/opt/ros/jazzy/share/rmw_fastrtps_cpp/cmake)
-- Found OpenSSL: /usr/lib/x86_64-linux-gnu/libcrypto.so (found version "3.0.13")  
-- Found FastRTPS: /opt/ros/jazzy/include (Required is at least version "2.13") 
-- Using RMW implementation 'rmw_fastrtps_cpp' as default
-- Found realtime_tools: 3.4.0 (/opt/ros/jazzy/share/realtime_tools/cmake)
-- Found urdf: 2.10.0 (/opt/ros/jazzy/share/urdf/cmake)
-- Found robot_math: 0.0.0 (/home/wjc/zrz_ros2_ws/src/ros2_ws/install/robot_math/share/robot_math/cmake)
-- Found control_msgs: 5.3.0 (/opt/ros/jazzy/share/control_msgs/cmake)
-- Found ament_lint_auto: 0.17.1 (/opt/ros/jazzy/share/ament_lint_auto/cmake)
-- Added test 'cppcheck' to perform static code analysis on C / C++ code
-- Configured cppcheck include dirs: $<BUILD_INTERFACE:/home/wjc/zrz_ros2_ws/src/ros2_ws/task_node/include>
-- Configured cppcheck exclude dirs and/or files: 
-- Added test 'lint_cmake' to check CMake code style
-- Added test 'uncrustify' to check C / C++ code style
-- Configured uncrustify additional arguments: 
-- Added test 'xmllint' to check XML markup files
-- Configuring done (3.6s)
-- Generating done (0.0s)
-- Build files have been written to: /home/wjc/zrz_ros2_ws/src/ros2_ws/build/task_node
[ 33%] [32mBuilding CXX object CMakeFiles/task_node.dir/src/utils/DataComm.cpp.o[0m
[ 33%] [32mBuilding CXX object CMakeFiles/task_node.dir/src/task_node.cpp.o[0m
[ 66%] [32mBuilding CXX object CMakeFiles/franka_rcm.dir/src/utils/DataComm.cpp.o[0m
[ 66%] [32mBuilding CXX object CMakeFiles/franka_rcm.dir/src/franka_rcm.cpp.o[0m
[ 83%] [32m[1mLinking CXX executable task_node[0m
[ 83%] Built target task_node
[100%] [32m[1mLinking CXX executable franka_rcm[0m
[100%] Built target franka_rcm
-- Install configuration: "Release"
-- Execute custom install script
-- Symlinking: /home/wjc/zrz_ros2_ws/src/ros2_ws/install/task_node/lib/task_node/task_node
-- Symlinking: /home/wjc/zrz_ros2_ws/src/ros2_ws/install/task_node/lib/task_node/franka_rcm
-- Symlinking: /home/wjc/zrz_ros2_ws/src/ros2_ws/install/task_node/share/task_node/config/fr3.json
-- Symlinking: /home/wjc/zrz_ros2_ws/src/ros2_ws/install/task_node/share/ament_index/resource_index/package_run_dependencies/task_node
-- Symlinking: /home/wjc/zrz_ros2_ws/src/ros2_ws/install/task_node/share/ament_index/resource_index/parent_prefix_path/task_node
-- Symlinking: /home/wjc/zrz_ros2_ws/src/ros2_ws/install/task_node/share/task_node/environment/ament_prefix_path.sh
-- Symlinking: /home/wjc/zrz_ros2_ws/src/ros2_ws/install/task_node/share/task_node/environment/ament_prefix_path.dsv
-- Symlinking: /home/wjc/zrz_ros2_ws/src/ros2_ws/install/task_node/share/task_node/environment/path.sh
-- Symlinking: /home/wjc/zrz_ros2_ws/src/ros2_ws/install/task_node/share/task_node/environment/path.dsv
-- Symlinking: /home/wjc/zrz_ros2_ws/src/ros2_ws/install/task_node/share/task_node/local_setup.bash
-- Symlinking: /home/wjc/zrz_ros2_ws/src/ros2_ws/install/task_node/share/task_node/local_setup.sh
-- Symlinking: /home/wjc/zrz_ros2_ws/src/ros2_ws/install/task_node/share/task_node/local_setup.zsh
-- Symlinking: /home/wjc/zrz_ros2_ws/src/ros2_ws/install/task_node/share/task_node/local_setup.dsv
-- Symlinking: /home/wjc/zrz_ros2_ws/src/ros2_ws/install/task_node/share/task_node/package.dsv
-- Symlinking: /home/wjc/zrz_ros2_ws/src/ros2_ws/install/task_node/share/ament_index/resource_index/packages/task_node
-- Symlinking: /home/wjc/zrz_ros2_ws/src/ros2_ws/install/task_node/share/task_node/cmake/task_nodeConfig.cmake
-- Symlinking: /home/wjc/zrz_ros2_ws/src/ros2_ws/install/task_node/share/task_node/cmake/task_nodeConfig-version.cmake
-- Symlinking: /home/wjc/zrz_ros2_ws/src/ros2_ws/install/task_node/share/task_node/package.xml
