-- The C compiler identification is GNU 13.3.0
-- The CXX compiler identification is GNU 13.3.0
-- Detecting C compiler ABI info
-- Detecting C compiler ABI info - done
-- Check for working C compiler: /usr/bin/cc - skipped
-- Detecting C compile features
-- Detecting C compile features - done
-- Detecting CXX compiler ABI info
-- Detecting CXX compiler ABI info - done
-- Check for working CXX compiler: /usr/bin/c++ - skipped
-- Detecting CXX compile features
-- Detecting CXX compile features - done
-- Found ament_cmake: 2.5.3 (/opt/ros/jazzy/share/ament_cmake/cmake)
-- Found Python3: /usr/bin/python3 (found version "3.12.3") found components: Interpreter 
-- Override CMake install command with custom implementation using symlinks instead of copying resources
-- Found rclcpp: 28.1.6 (/opt/ros/jazzy/share/rclcpp/cmake)
-- Found rosidl_generator_c: 4.6.5 (/opt/ros/jazzy/share/rosidl_generator_c/cmake)
-- Found rosidl_generator_cpp: 4.6.5 (/opt/ros/jazzy/share/rosidl_generator_cpp/cmake)
-- Using all available rosidl_typesupport_c: rosidl_typesupport_fastrtps_c;rosidl_typesupport_introspection_c
-- Using all available rosidl_typesupport_cpp: rosidl_typesupport_fastrtps_cpp;rosidl_typesupport_introspection_cpp
-- Found rmw_implementation_cmake: 7.3.1 (/opt/ros/jazzy/share/rmw_implementation_cmake/cmake)
-- Found rmw_fastrtps_cpp: 8.4.1 (/opt/ros/jazzy/share/rmw_fastrtps_cpp/cmake)
-- Found OpenSSL: /usr/lib/x86_64-linux-gnu/libcrypto.so (found version "3.0.13")  
-- Found FastRTPS: /opt/ros/jazzy/include (Required is at least version "2.13") 
-- Using RMW implementation 'rmw_fastrtps_cpp' as default
-- Found std_msgs: 5.3.5 (/opt/ros/jazzy/share/std_msgs/cmake)
-- Found std_srvs: 5.3.5 (/opt/ros/jazzy/share/std_srvs/cmake)
-- Found robot_control_msgs: 0.0.0 (/home/wjc/zrz_ros2_ws/src/ros2_ws/install/robot_control_msgs/share/robot_control_msgs/cmake)
-- Performing Test CMAKE_HAVE_LIBC_PTHREAD
-- Performing Test CMAKE_HAVE_LIBC_PTHREAD - Success
-- Found Threads: TRUE  
-- Performing Test HAVE_STDATOMIC
-- Performing Test HAVE_STDATOMIC - Success
-- Found WrapAtomic: TRUE  
-- Found OpenGL: /usr/lib/x86_64-linux-gnu/libOpenGL.so   
-- Found WrapOpenGL: TRUE  
-- Found XKB: /usr/lib/x86_64-linux-gnu/libxkbcommon.so (found suitable version "1.6.0", minimum required is "0.5.0") 
-- Found WrapVulkanHeaders: /usr/include  
-- Configuring done (3.9s)
-- Generating done (0.0s)
-- Build files have been written to: /home/wjc/zrz_ros2_ws/src/ros2_ws/build/robot_monitor
[  0%] Built target robot_monitor_autogen_timestamp_deps
[ 14%] [34m[1mAutomatic MOC and UIC for target robot_monitor[0m
[ 14%] Built target robot_monitor_autogen
[ 42%] [32mBuilding CXX object CMakeFiles/robot_monitor.dir/src/widget.cpp.o[0m
[ 42%] [32mBuilding CXX object CMakeFiles/robot_monitor.dir/robot_monitor_autogen/mocs_compilation.cpp.o[0m
[ 57%] [32mBuilding CXX object CMakeFiles/robot_monitor.dir/src/mainwindow.cpp.o[0m
[ 71%] [32mBuilding CXX object CMakeFiles/robot_monitor.dir/src/main.cpp.o[0m
[ 85%] [32m[1mLinking CXX executable robot_monitor[0m
[100%] Built target robot_monitor
-- Install configuration: "Release"
-- Execute custom install script
-- Symlinking: /home/wjc/zrz_ros2_ws/src/ros2_ws/install/robot_monitor/lib/robot_monitor/robot_monitor
-- Symlinking: /home/wjc/zrz_ros2_ws/src/ros2_ws/install/robot_monitor/share/ament_index/resource_index/package_run_dependencies/robot_monitor
-- Symlinking: /home/wjc/zrz_ros2_ws/src/ros2_ws/install/robot_monitor/share/ament_index/resource_index/parent_prefix_path/robot_monitor
-- Symlinking: /home/wjc/zrz_ros2_ws/src/ros2_ws/install/robot_monitor/share/robot_monitor/environment/ament_prefix_path.sh
-- Symlinking: /home/wjc/zrz_ros2_ws/src/ros2_ws/install/robot_monitor/share/robot_monitor/environment/ament_prefix_path.dsv
-- Symlinking: /home/wjc/zrz_ros2_ws/src/ros2_ws/install/robot_monitor/share/robot_monitor/environment/path.sh
-- Symlinking: /home/wjc/zrz_ros2_ws/src/ros2_ws/install/robot_monitor/share/robot_monitor/environment/path.dsv
-- Symlinking: /home/wjc/zrz_ros2_ws/src/ros2_ws/install/robot_monitor/share/robot_monitor/local_setup.bash
-- Symlinking: /home/wjc/zrz_ros2_ws/src/ros2_ws/install/robot_monitor/share/robot_monitor/local_setup.sh
-- Symlinking: /home/wjc/zrz_ros2_ws/src/ros2_ws/install/robot_monitor/share/robot_monitor/local_setup.zsh
-- Symlinking: /home/wjc/zrz_ros2_ws/src/ros2_ws/install/robot_monitor/share/robot_monitor/local_setup.dsv
-- Symlinking: /home/wjc/zrz_ros2_ws/src/ros2_ws/install/robot_monitor/share/robot_monitor/package.dsv
-- Symlinking: /home/wjc/zrz_ros2_ws/src/ros2_ws/install/robot_monitor/share/ament_index/resource_index/packages/robot_monitor
-- Symlinking: /home/wjc/zrz_ros2_ws/src/ros2_ws/install/robot_monitor/share/robot_monitor/cmake/robot_monitorConfig.cmake
-- Symlinking: /home/wjc/zrz_ros2_ws/src/ros2_ws/install/robot_monitor/share/robot_monitor/cmake/robot_monitorConfig-version.cmake
-- Symlinking: /home/wjc/zrz_ros2_ws/src/ros2_ws/install/robot_monitor/share/robot_monitor/package.xml
