-- The C compiler identification is GNU 13.3.0
-- The CXX compiler identification is GNU 13.3.0
-- Detecting C compiler ABI info
-- Detecting C compiler ABI info - done
-- Check for working C compiler: /usr/bin/cc - skipped
-- Detecting C compile features
-- Detecting C compile features - done
-- Detecting CXX compiler ABI info
-- Detecting CXX compiler ABI info - done
-- Check for working CXX compiler: /usr/bin/c++ - skipped
-- Detecting CXX compile features
-- Detecting CXX compile features - done
-- Found ament_cmake: 2.5.3 (/opt/ros/jazzy/share/ament_cmake/cmake)
-- Found Python3: /usr/bin/python3 (found version "3.12.3") found components: Interpreter 
-- Override CMake install command with custom implementation using symlinks instead of copying resources
-- Found ament_cmake_ros: 0.12.0 (/opt/ros/jazzy/share/ament_cmake_ros/cmake)
-- Found ament_index_cpp: 1.8.1 (/opt/ros/jazzy/share/ament_index_cpp/cmake)
-- Found rclcpp: 28.1.6 (/opt/ros/jazzy/share/rclcpp/cmake)
-- Found rosidl_generator_c: 4.6.5 (/opt/ros/jazzy/share/rosidl_generator_c/cmake)
-- Found rosidl_generator_cpp: 4.6.5 (/opt/ros/jazzy/share/rosidl_generator_cpp/cmake)
-- Using all available rosidl_typesupport_c: rosidl_typesupport_fastrtps_c;rosidl_typesupport_introspection_c
-- Using all available rosidl_typesupport_cpp: rosidl_typesupport_fastrtps_cpp;rosidl_typesupport_introspection_cpp
-- Found rmw_implementation_cmake: 7.3.1 (/opt/ros/jazzy/share/rmw_implementation_cmake/cmake)
-- Found rmw_fastrtps_cpp: 8.4.1 (/opt/ros/jazzy/share/rmw_fastrtps_cpp/cmake)
-- Found OpenSSL: /usr/lib/x86_64-linux-gnu/libcrypto.so (found version "3.0.13")  
-- Found FastRTPS: /opt/ros/jazzy/include (Required is at least version "2.13") 
-- Using RMW implementation 'rmw_fastrtps_cpp' as default
-- Found rclcpp_lifecycle: 28.1.6 (/opt/ros/jazzy/share/rclcpp_lifecycle/cmake)
-- Found robot_math: 0.0.0 (/home/wjc/zrz_ros2_ws/src/ros2_ws/install/robot_math/share/robot_math/cmake)
-- Found urdf: 2.10.0 (/opt/ros/jazzy/share/urdf/cmake)
-- Found tf2_ros: 0.36.8 (/opt/ros/jazzy/share/tf2_ros/cmake)
-- Found visualization_msgs: 5.3.5 (/opt/ros/jazzy/share/visualization_msgs/cmake)
-- Found Boost: /usr/lib/x86_64-linux-gnu/cmake/Boost-1.83.0/BoostConfig.cmake (found version "1.83.0") found components: system thread 
-- Found PkgConfig: /usr/bin/pkg-config (found version "1.8.1") 
-- Checking for module 'fftw3'
--   Found fftw3, version 3.3.10
-- Found ament_lint_auto: 0.17.1 (/opt/ros/jazzy/share/ament_lint_auto/cmake)
-- Added test 'cppcheck' to perform static code analysis on C / C++ code
-- Configured cppcheck include dirs: $<BUILD_INTERFACE:/home/wjc/zrz_ros2_ws/src/ros2_ws/ros2_utility/include>
-- Configured cppcheck exclude dirs and/or files: 
-- Added test 'lint_cmake' to check CMake code style
-- Added test 'uncrustify' to check C / C++ code style
-- Configured uncrustify additional arguments: 
-- Added test 'xmllint' to check XML markup files
-- Configuring done (4.3s)
-- Generating done (0.0s)
-- Build files have been written to: /home/wjc/zrz_ros2_ws/src/ros2_ws/build/ros2_utility
[ 40%] [32mBuilding CXX object CMakeFiles/ros2_utility.dir/src/sliding_window.cpp.o[0m
[ 40%] [32mBuilding CXX object CMakeFiles/ros2_utility.dir/src/file_utils.cpp.o[0m
[ 60%] [32mBuilding CXX object CMakeFiles/ros2_utility.dir/src/transform_interpolator.cpp.o[0m
[ 80%] [32mBuilding CXX object CMakeFiles/ros2_utility.dir/src/ros2_visual_tools.cpp.o[0m
[01m[K/home/wjc/zrz_ros2_ws/src/ros2_ws/ros2_utility/src/transform_interpolator.cpp:[m[K In member function ‘[01m[Kvoid TransformInterpolator::[01;32m[KappendNumTransform[m[K(int, const Eigen::Matrix4d&)[m[K’:
[01m[K/home/wjc/zrz_ros2_ws/src/ros2_ws/ros2_utility/src/transform_interpolator.cpp:151:25:[m[K [01;35m[Kwarning: [m[Kcomparison of integer expressions of different signedness: ‘[01m[Kint[m[K’ and ‘[01m[Kstd::vector<Eigen::Matrix<double, 4, 4> >::size_type[m[K’ {aka ‘[01m[Klong unsigned int[m[K’} [[01;35m[K]8;;https://gcc.gnu.org/onlinedocs/gcc/Warning-Options.html#index-Wsign-compare-Wsign-compare]8;;[m[K]
  151 |     if (num <= 0 || [01;35m[Knum > T_traj_.size()[m[K)
      |                     [01;35m[K~~~~^~~~~~~~~~~~~~~~[m[K
[01m[K/home/wjc/zrz_ros2_ws/src/ros2_ws/ros2_utility/src/sliding_window.cpp:[m[K In member function ‘[01m[Kvoid SlidingWindow::[01;32m[Kapply_hanning_window[m[K(Eigen::VectorXd&) const[m[K’:
[01m[K/home/wjc/zrz_ros2_ws/src/ros2_ws/ros2_utility/src/sliding_window.cpp:65:26:[m[K [01;35m[Kwarning: [m[Kcomparison of integer expressions of different signedness: ‘[01m[Ksize_t[m[K’ {aka ‘[01m[Klong unsigned int[m[K’} and ‘[01m[KEigen::EigenBase<Eigen::Matrix<double, -1, 1> >::Index[m[K’ {aka ‘[01m[Klong int[m[K’} [[01;35m[K]8;;https://gcc.gnu.org/onlinedocs/gcc/Warning-Options.html#index-Wsign-compare-Wsign-compare]8;;[m[K]
   65 |     for (size_t i = 0; [01;35m[Ki < data_segment.size()[m[K; ++i)
      |                        [01;35m[K~~^~~~~~~~~~~~~~~~~~~~~[m[K
[100%] [32m[1mLinking CXX shared library libros2_utility.so[0m
[100%] Built target ros2_utility
-- Install configuration: "Release"
-- Execute custom install script
-- Symlinking: /home/wjc/zrz_ros2_ws/src/ros2_ws/install/ros2_utility/include/ros2_utility/ros2_utility/data_logger.hpp
-- Symlinking: /home/wjc/zrz_ros2_ws/src/ros2_ws/install/ros2_utility/include/ros2_utility/ros2_utility/file_utils.hpp
-- Symlinking: /home/wjc/zrz_ros2_ws/src/ros2_ws/install/ros2_utility/include/ros2_utility/ros2_utility/ros2_visual_tools.hpp
-- Symlinking: /home/wjc/zrz_ros2_ws/src/ros2_ws/install/ros2_utility/include/ros2_utility/ros2_utility/sliding_window.hpp
-- Symlinking: /home/wjc/zrz_ros2_ws/src/ros2_ws/install/ros2_utility/include/ros2_utility/ros2_utility/transform_interpolator.hpp
-- Symlinking: /home/wjc/zrz_ros2_ws/src/ros2_ws/install/ros2_utility/share/ros2_utility/environment/library_path.sh
-- Symlinking: /home/wjc/zrz_ros2_ws/src/ros2_ws/install/ros2_utility/share/ros2_utility/environment/library_path.dsv
-- Symlinking: /home/wjc/zrz_ros2_ws/src/ros2_ws/install/ros2_utility/share/ament_index/resource_index/package_run_dependencies/ros2_utility
-- Symlinking: /home/wjc/zrz_ros2_ws/src/ros2_ws/install/ros2_utility/share/ament_index/resource_index/parent_prefix_path/ros2_utility
-- Symlinking: /home/wjc/zrz_ros2_ws/src/ros2_ws/install/ros2_utility/share/ros2_utility/environment/ament_prefix_path.sh
-- Symlinking: /home/wjc/zrz_ros2_ws/src/ros2_ws/install/ros2_utility/share/ros2_utility/environment/ament_prefix_path.dsv
-- Symlinking: /home/wjc/zrz_ros2_ws/src/ros2_ws/install/ros2_utility/share/ros2_utility/environment/path.sh
-- Symlinking: /home/wjc/zrz_ros2_ws/src/ros2_ws/install/ros2_utility/share/ros2_utility/environment/path.dsv
-- Symlinking: /home/wjc/zrz_ros2_ws/src/ros2_ws/install/ros2_utility/share/ros2_utility/local_setup.bash
-- Symlinking: /home/wjc/zrz_ros2_ws/src/ros2_ws/install/ros2_utility/share/ros2_utility/local_setup.sh
-- Symlinking: /home/wjc/zrz_ros2_ws/src/ros2_ws/install/ros2_utility/share/ros2_utility/local_setup.zsh
-- Symlinking: /home/wjc/zrz_ros2_ws/src/ros2_ws/install/ros2_utility/share/ros2_utility/local_setup.dsv
-- Symlinking: /home/wjc/zrz_ros2_ws/src/ros2_ws/install/ros2_utility/share/ros2_utility/package.dsv
-- Symlinking: /home/wjc/zrz_ros2_ws/src/ros2_ws/install/ros2_utility/share/ament_index/resource_index/packages/ros2_utility
-- Symlinking: /home/wjc/zrz_ros2_ws/src/ros2_ws/install/ros2_utility/share/ros2_utility/cmake/ament_cmake_export_include_directories-extras.cmake
-- Symlinking: /home/wjc/zrz_ros2_ws/src/ros2_ws/install/ros2_utility/share/ros2_utility/cmake/ament_cmake_export_libraries-extras.cmake
-- Symlinking: /home/wjc/zrz_ros2_ws/src/ros2_ws/install/ros2_utility/share/ros2_utility/cmake/ament_cmake_export_targets-extras.cmake
-- Symlinking: /home/wjc/zrz_ros2_ws/src/ros2_ws/install/ros2_utility/share/ros2_utility/cmake/ros2_utilityConfig.cmake
-- Symlinking: /home/wjc/zrz_ros2_ws/src/ros2_ws/install/ros2_utility/share/ros2_utility/cmake/ros2_utilityConfig-version.cmake
-- Symlinking: /home/wjc/zrz_ros2_ws/src/ros2_ws/install/ros2_utility/share/ros2_utility/package.xml
-- Installing: /home/wjc/zrz_ros2_ws/src/ros2_ws/install/ros2_utility/lib/libros2_utility.so
-- Set non-toolchain portion of runtime path of "/home/wjc/zrz_ros2_ws/src/ros2_ws/install/ros2_utility/lib/libros2_utility.so" to ""
-- Installing: /home/wjc/zrz_ros2_ws/src/ros2_ws/install/ros2_utility/share/ros2_utility/cmake/export_ros2_utilityExport.cmake
-- Installing: /home/wjc/zrz_ros2_ws/src/ros2_ws/install/ros2_utility/share/ros2_utility/cmake/export_ros2_utilityExport-release.cmake
