[0.030s] Invoking command in '/home/wjc/zrz_ros2_ws/src/ros2_ws/build/ros2_utility': AMENT_PREFIX_PATH=/home/wjc/zrz_ros2_ws/src/ros2_ws/install/robot_math:${AMENT_PREFIX_PATH} CMAKE_PREFIX_PATH=/home/wjc/zrz_ros2_ws/src/ros2_ws/install/robot_math:/opt/ros/jazzy/opt/gz_sim_vendor:/opt/ros/jazzy/opt/gz_sensors_vendor:/opt/ros/jazzy/opt/gz_physics_vendor:/opt/ros/jazzy/opt/sdformat_vendor:/opt/ros/jazzy/opt/gz_gui_vendor:/opt/ros/jazzy/opt/gz_transport_vendor:/opt/ros/jazzy/opt/gz_rendering_vendor:/opt/ros/jazzy/opt/gz_plugin_vendor:/opt/ros/jazzy/opt/gz_fuel_tools_vendor:/opt/ros/jazzy/opt/gz_msgs_vendor:/opt/ros/jazzy/opt/gz_common_vendor:/opt/ros/jazzy/opt/gz_math_vendor:/opt/ros/jazzy/opt/gz_utils_vendor:/opt/ros/jazzy/opt/gz_tools_vendor:/opt/ros/jazzy/opt/gz_ogre_next_vendor:/opt/ros/jazzy/opt/gz_dartsim_vendor:/opt/ros/jazzy/opt/gz_cmake_vendor:/opt/ros/jazzy DEBUGINFOD_URLS=https://debuginfod.ubuntu.com LD_LIBRARY_PATH=/home/wjc/zrz_ros2_ws/src/ros2_ws/install/robot_math/lib:${LD_LIBRARY_PATH} /usr/bin/cmake /home/wjc/zrz_ros2_ws/src/ros2_ws/ros2_utility -DCMAKE_BUILD_TYPE=Release -DAMENT_CMAKE_SYMLINK_INSTALL=1 -DCMAKE_INSTALL_PREFIX=/home/wjc/zrz_ros2_ws/src/ros2_ws/install/ros2_utility
[0.152s] -- The C compiler identification is GNU 13.3.0
[0.261s] -- The CXX compiler identification is GNU 13.3.0
[0.299s] -- Detecting C compiler ABI info
[0.514s] -- Detecting C compiler ABI info - done
[0.538s] -- Check for working C compiler: /usr/bin/cc - skipped
[0.538s] -- Detecting C compile features
[0.538s] -- Detecting C compile features - done
[0.563s] -- Detecting CXX compiler ABI info
[0.775s] -- Detecting CXX compiler ABI info - done
[0.796s] -- Check for working CXX compiler: /usr/bin/c++ - skipped
[0.796s] -- Detecting CXX compile features
[0.797s] -- Detecting CXX compile features - done
[0.807s] -- Found ament_cmake: 2.5.3 (/opt/ros/jazzy/share/ament_cmake/cmake)
[1.167s] -- Found Python3: /usr/bin/python3 (found version "3.12.3") found components: Interpreter 
[1.345s] -- Override CMake install command with custom implementation using symlinks instead of copying resources
[1.481s] -- Found ament_cmake_ros: 0.12.0 (/opt/ros/jazzy/share/ament_cmake_ros/cmake)
[1.531s] -- Found ament_index_cpp: 1.8.1 (/opt/ros/jazzy/share/ament_index_cpp/cmake)
[1.541s] -- Found rclcpp: 28.1.6 (/opt/ros/jazzy/share/rclcpp/cmake)
[1.677s] -- Found rosidl_generator_c: 4.6.5 (/opt/ros/jazzy/share/rosidl_generator_c/cmake)
[1.728s] -- Found rosidl_generator_cpp: 4.6.5 (/opt/ros/jazzy/share/rosidl_generator_cpp/cmake)
[1.771s] -- Using all available rosidl_typesupport_c: rosidl_typesupport_fastrtps_c;rosidl_typesupport_introspection_c
[1.819s] -- Using all available rosidl_typesupport_cpp: rosidl_typesupport_fastrtps_cpp;rosidl_typesupport_introspection_cpp
[1.999s] -- Found rmw_implementation_cmake: 7.3.1 (/opt/ros/jazzy/share/rmw_implementation_cmake/cmake)
[2.011s] -- Found rmw_fastrtps_cpp: 8.4.1 (/opt/ros/jazzy/share/rmw_fastrtps_cpp/cmake)
[2.233s] -- Found OpenSSL: /usr/lib/x86_64-linux-gnu/libcrypto.so (found version "3.0.13")  
[2.296s] -- Found FastRTPS: /opt/ros/jazzy/include (Required is at least version "2.13") 
[2.363s] -- Using RMW implementation 'rmw_fastrtps_cpp' as default
[2.592s] -- Found rclcpp_lifecycle: 28.1.6 (/opt/ros/jazzy/share/rclcpp_lifecycle/cmake)
[2.684s] -- Found robot_math: 0.0.0 (/home/wjc/zrz_ros2_ws/src/ros2_ws/install/robot_math/share/robot_math/cmake)
[2.699s] -- Found urdf: 2.10.0 (/opt/ros/jazzy/share/urdf/cmake)
[2.806s] -- Found tf2_ros: 0.36.8 (/opt/ros/jazzy/share/tf2_ros/cmake)
[3.312s] -- Found visualization_msgs: 5.3.5 (/opt/ros/jazzy/share/visualization_msgs/cmake)
[3.751s] -- Found Boost: /usr/lib/x86_64-linux-gnu/cmake/Boost-1.83.0/BoostConfig.cmake (found version "1.83.0") found components: system thread 
[3.762s] -- Found PkgConfig: /usr/bin/pkg-config (found version "1.8.1") 
[3.764s] -- Checking for module 'fftw3'
[3.811s] --   Found fftw3, version 3.3.10
[3.938s] -- Found ament_lint_auto: 0.17.1 (/opt/ros/jazzy/share/ament_lint_auto/cmake)
[4.342s] -- Added test 'cppcheck' to perform static code analysis on C / C++ code
[4.343s] -- Configured cppcheck include dirs: $<BUILD_INTERFACE:/home/wjc/zrz_ros2_ws/src/ros2_ws/ros2_utility/include>
[4.343s] -- Configured cppcheck exclude dirs and/or files: 
[4.345s] -- Added test 'lint_cmake' to check CMake code style
[4.349s] -- Added test 'uncrustify' to check C / C++ code style
[4.349s] -- Configured uncrustify additional arguments: 
[4.351s] -- Added test 'xmllint' to check XML markup files
[4.363s] -- Configuring done (4.3s)
[4.420s] -- Generating done (0.0s)
[4.431s] -- Build files have been written to: /home/wjc/zrz_ros2_ws/src/ros2_ws/build/ros2_utility
[4.481s] Invoked command in '/home/wjc/zrz_ros2_ws/src/ros2_ws/build/ros2_utility' returned '0': AMENT_PREFIX_PATH=/home/wjc/zrz_ros2_ws/src/ros2_ws/install/robot_math:${AMENT_PREFIX_PATH} CMAKE_PREFIX_PATH=/home/wjc/zrz_ros2_ws/src/ros2_ws/install/robot_math:/opt/ros/jazzy/opt/gz_sim_vendor:/opt/ros/jazzy/opt/gz_sensors_vendor:/opt/ros/jazzy/opt/gz_physics_vendor:/opt/ros/jazzy/opt/sdformat_vendor:/opt/ros/jazzy/opt/gz_gui_vendor:/opt/ros/jazzy/opt/gz_transport_vendor:/opt/ros/jazzy/opt/gz_rendering_vendor:/opt/ros/jazzy/opt/gz_plugin_vendor:/opt/ros/jazzy/opt/gz_fuel_tools_vendor:/opt/ros/jazzy/opt/gz_msgs_vendor:/opt/ros/jazzy/opt/gz_common_vendor:/opt/ros/jazzy/opt/gz_math_vendor:/opt/ros/jazzy/opt/gz_utils_vendor:/opt/ros/jazzy/opt/gz_tools_vendor:/opt/ros/jazzy/opt/gz_ogre_next_vendor:/opt/ros/jazzy/opt/gz_dartsim_vendor:/opt/ros/jazzy/opt/gz_cmake_vendor:/opt/ros/jazzy DEBUGINFOD_URLS=https://debuginfod.ubuntu.com LD_LIBRARY_PATH=/home/wjc/zrz_ros2_ws/src/ros2_ws/install/robot_math/lib:${LD_LIBRARY_PATH} /usr/bin/cmake /home/wjc/zrz_ros2_ws/src/ros2_ws/ros2_utility -DCMAKE_BUILD_TYPE=Release -DAMENT_CMAKE_SYMLINK_INSTALL=1 -DCMAKE_INSTALL_PREFIX=/home/wjc/zrz_ros2_ws/src/ros2_ws/install/ros2_utility
[4.487s] Invoking command in '/home/wjc/zrz_ros2_ws/src/ros2_ws/build/ros2_utility': AMENT_PREFIX_PATH=/home/wjc/zrz_ros2_ws/src/ros2_ws/install/robot_math:${AMENT_PREFIX_PATH} CMAKE_PREFIX_PATH=/home/wjc/zrz_ros2_ws/src/ros2_ws/install/robot_math:/opt/ros/jazzy/opt/gz_sim_vendor:/opt/ros/jazzy/opt/gz_sensors_vendor:/opt/ros/jazzy/opt/gz_physics_vendor:/opt/ros/jazzy/opt/sdformat_vendor:/opt/ros/jazzy/opt/gz_gui_vendor:/opt/ros/jazzy/opt/gz_transport_vendor:/opt/ros/jazzy/opt/gz_rendering_vendor:/opt/ros/jazzy/opt/gz_plugin_vendor:/opt/ros/jazzy/opt/gz_fuel_tools_vendor:/opt/ros/jazzy/opt/gz_msgs_vendor:/opt/ros/jazzy/opt/gz_common_vendor:/opt/ros/jazzy/opt/gz_math_vendor:/opt/ros/jazzy/opt/gz_utils_vendor:/opt/ros/jazzy/opt/gz_tools_vendor:/opt/ros/jazzy/opt/gz_ogre_next_vendor:/opt/ros/jazzy/opt/gz_dartsim_vendor:/opt/ros/jazzy/opt/gz_cmake_vendor:/opt/ros/jazzy DEBUGINFOD_URLS=https://debuginfod.ubuntu.com LD_LIBRARY_PATH=/home/wjc/zrz_ros2_ws/src/ros2_ws/install/robot_math/lib:${LD_LIBRARY_PATH} /usr/bin/cmake --build /home/wjc/zrz_ros2_ws/src/ros2_ws/build/ros2_utility -- -j16 -l16
[4.703s] [ 40%] [32mBuilding CXX object CMakeFiles/ros2_utility.dir/src/sliding_window.cpp.o[0m
[4.711s] [ 40%] [32mBuilding CXX object CMakeFiles/ros2_utility.dir/src/file_utils.cpp.o[0m
[4.711s] [ 60%] [32mBuilding CXX object CMakeFiles/ros2_utility.dir/src/transform_interpolator.cpp.o[0m
[4.712s] [ 80%] [32mBuilding CXX object CMakeFiles/ros2_utility.dir/src/ros2_visual_tools.cpp.o[0m
[8.919s] [01m[K/home/wjc/zrz_ros2_ws/src/ros2_ws/ros2_utility/src/transform_interpolator.cpp:[m[K In member function ‘[01m[Kvoid TransformInterpolator::[01;32m[KappendNumTransform[m[K(int, const Eigen::Matrix4d&)[m[K’:
[8.919s] [01m[K/home/wjc/zrz_ros2_ws/src/ros2_ws/ros2_utility/src/transform_interpolator.cpp:151:25:[m[K [01;35m[Kwarning: [m[Kcomparison of integer expressions of different signedness: ‘[01m[Kint[m[K’ and ‘[01m[Kstd::vector<Eigen::Matrix<double, 4, 4> >::size_type[m[K’ {aka ‘[01m[Klong unsigned int[m[K’} [[01;35m[K]8;;https://gcc.gnu.org/onlinedocs/gcc/Warning-Options.html#index-Wsign-compare-Wsign-compare]8;;[m[K]
[8.919s]   151 |     if (num <= 0 || [01;35m[Knum > T_traj_.size()[m[K)
[8.920s]       |                     [01;35m[K~~~~^~~~~~~~~~~~~~~~[m[K
[9.018s] [01m[K/home/wjc/zrz_ros2_ws/src/ros2_ws/ros2_utility/src/sliding_window.cpp:[m[K In member function ‘[01m[Kvoid SlidingWindow::[01;32m[Kapply_hanning_window[m[K(Eigen::VectorXd&) const[m[K’:
[9.018s] [01m[K/home/wjc/zrz_ros2_ws/src/ros2_ws/ros2_utility/src/sliding_window.cpp:65:26:[m[K [01;35m[Kwarning: [m[Kcomparison of integer expressions of different signedness: ‘[01m[Ksize_t[m[K’ {aka ‘[01m[Klong unsigned int[m[K’} and ‘[01m[KEigen::EigenBase<Eigen::Matrix<double, -1, 1> >::Index[m[K’ {aka ‘[01m[Klong int[m[K’} [[01;35m[K]8;;https://gcc.gnu.org/onlinedocs/gcc/Warning-Options.html#index-Wsign-compare-Wsign-compare]8;;[m[K]
[9.019s]    65 |     for (size_t i = 0; [01;35m[Ki < data_segment.size()[m[K; ++i)
[9.019s]       |                        [01;35m[K~~^~~~~~~~~~~~~~~~~~~~~[m[K
[26.646s] [100%] [32m[1mLinking CXX shared library libros2_utility.so[0m
[27.280s] [100%] Built target ros2_utility
[27.309s] Invoked command in '/home/wjc/zrz_ros2_ws/src/ros2_ws/build/ros2_utility' returned '0': AMENT_PREFIX_PATH=/home/wjc/zrz_ros2_ws/src/ros2_ws/install/robot_math:${AMENT_PREFIX_PATH} CMAKE_PREFIX_PATH=/home/wjc/zrz_ros2_ws/src/ros2_ws/install/robot_math:/opt/ros/jazzy/opt/gz_sim_vendor:/opt/ros/jazzy/opt/gz_sensors_vendor:/opt/ros/jazzy/opt/gz_physics_vendor:/opt/ros/jazzy/opt/sdformat_vendor:/opt/ros/jazzy/opt/gz_gui_vendor:/opt/ros/jazzy/opt/gz_transport_vendor:/opt/ros/jazzy/opt/gz_rendering_vendor:/opt/ros/jazzy/opt/gz_plugin_vendor:/opt/ros/jazzy/opt/gz_fuel_tools_vendor:/opt/ros/jazzy/opt/gz_msgs_vendor:/opt/ros/jazzy/opt/gz_common_vendor:/opt/ros/jazzy/opt/gz_math_vendor:/opt/ros/jazzy/opt/gz_utils_vendor:/opt/ros/jazzy/opt/gz_tools_vendor:/opt/ros/jazzy/opt/gz_ogre_next_vendor:/opt/ros/jazzy/opt/gz_dartsim_vendor:/opt/ros/jazzy/opt/gz_cmake_vendor:/opt/ros/jazzy DEBUGINFOD_URLS=https://debuginfod.ubuntu.com LD_LIBRARY_PATH=/home/wjc/zrz_ros2_ws/src/ros2_ws/install/robot_math/lib:${LD_LIBRARY_PATH} /usr/bin/cmake --build /home/wjc/zrz_ros2_ws/src/ros2_ws/build/ros2_utility -- -j16 -l16
[27.312s] Invoking command in '/home/wjc/zrz_ros2_ws/src/ros2_ws/build/ros2_utility': AMENT_PREFIX_PATH=/home/wjc/zrz_ros2_ws/src/ros2_ws/install/robot_math:${AMENT_PREFIX_PATH} CMAKE_PREFIX_PATH=/home/wjc/zrz_ros2_ws/src/ros2_ws/install/robot_math:/opt/ros/jazzy/opt/gz_sim_vendor:/opt/ros/jazzy/opt/gz_sensors_vendor:/opt/ros/jazzy/opt/gz_physics_vendor:/opt/ros/jazzy/opt/sdformat_vendor:/opt/ros/jazzy/opt/gz_gui_vendor:/opt/ros/jazzy/opt/gz_transport_vendor:/opt/ros/jazzy/opt/gz_rendering_vendor:/opt/ros/jazzy/opt/gz_plugin_vendor:/opt/ros/jazzy/opt/gz_fuel_tools_vendor:/opt/ros/jazzy/opt/gz_msgs_vendor:/opt/ros/jazzy/opt/gz_common_vendor:/opt/ros/jazzy/opt/gz_math_vendor:/opt/ros/jazzy/opt/gz_utils_vendor:/opt/ros/jazzy/opt/gz_tools_vendor:/opt/ros/jazzy/opt/gz_ogre_next_vendor:/opt/ros/jazzy/opt/gz_dartsim_vendor:/opt/ros/jazzy/opt/gz_cmake_vendor:/opt/ros/jazzy DEBUGINFOD_URLS=https://debuginfod.ubuntu.com LD_LIBRARY_PATH=/home/wjc/zrz_ros2_ws/src/ros2_ws/install/robot_math/lib:${LD_LIBRARY_PATH} /usr/bin/cmake --install /home/wjc/zrz_ros2_ws/src/ros2_ws/build/ros2_utility
[27.335s] -- Install configuration: "Release"
[27.336s] -- Execute custom install script
[27.337s] -- Symlinking: /home/wjc/zrz_ros2_ws/src/ros2_ws/install/ros2_utility/include/ros2_utility/ros2_utility/data_logger.hpp
[27.364s] -- Symlinking: /home/wjc/zrz_ros2_ws/src/ros2_ws/install/ros2_utility/include/ros2_utility/ros2_utility/file_utils.hpp
[27.395s] -- Symlinking: /home/wjc/zrz_ros2_ws/src/ros2_ws/install/ros2_utility/include/ros2_utility/ros2_utility/ros2_visual_tools.hpp
[27.421s] -- Symlinking: /home/wjc/zrz_ros2_ws/src/ros2_ws/install/ros2_utility/include/ros2_utility/ros2_utility/sliding_window.hpp
[27.446s] -- Symlinking: /home/wjc/zrz_ros2_ws/src/ros2_ws/install/ros2_utility/include/ros2_utility/ros2_utility/transform_interpolator.hpp
[27.468s] -- Symlinking: /home/wjc/zrz_ros2_ws/src/ros2_ws/install/ros2_utility/share/ros2_utility/environment/library_path.sh
[27.496s] -- Symlinking: /home/wjc/zrz_ros2_ws/src/ros2_ws/install/ros2_utility/share/ros2_utility/environment/library_path.dsv
[27.521s] -- Symlinking: /home/wjc/zrz_ros2_ws/src/ros2_ws/install/ros2_utility/share/ament_index/resource_index/package_run_dependencies/ros2_utility
[27.547s] -- Symlinking: /home/wjc/zrz_ros2_ws/src/ros2_ws/install/ros2_utility/share/ament_index/resource_index/parent_prefix_path/ros2_utility
[27.574s] -- Symlinking: /home/wjc/zrz_ros2_ws/src/ros2_ws/install/ros2_utility/share/ros2_utility/environment/ament_prefix_path.sh
[27.595s] -- Symlinking: /home/wjc/zrz_ros2_ws/src/ros2_ws/install/ros2_utility/share/ros2_utility/environment/ament_prefix_path.dsv
[27.624s] -- Symlinking: /home/wjc/zrz_ros2_ws/src/ros2_ws/install/ros2_utility/share/ros2_utility/environment/path.sh
[27.645s] -- Symlinking: /home/wjc/zrz_ros2_ws/src/ros2_ws/install/ros2_utility/share/ros2_utility/environment/path.dsv
[27.664s] -- Symlinking: /home/wjc/zrz_ros2_ws/src/ros2_ws/install/ros2_utility/share/ros2_utility/local_setup.bash
[27.693s] -- Symlinking: /home/wjc/zrz_ros2_ws/src/ros2_ws/install/ros2_utility/share/ros2_utility/local_setup.sh
[27.713s] -- Symlinking: /home/wjc/zrz_ros2_ws/src/ros2_ws/install/ros2_utility/share/ros2_utility/local_setup.zsh
[27.738s] -- Symlinking: /home/wjc/zrz_ros2_ws/src/ros2_ws/install/ros2_utility/share/ros2_utility/local_setup.dsv
[27.772s] -- Symlinking: /home/wjc/zrz_ros2_ws/src/ros2_ws/install/ros2_utility/share/ros2_utility/package.dsv
[27.794s] -- Symlinking: /home/wjc/zrz_ros2_ws/src/ros2_ws/install/ros2_utility/share/ament_index/resource_index/packages/ros2_utility
[27.813s] -- Symlinking: /home/wjc/zrz_ros2_ws/src/ros2_ws/install/ros2_utility/share/ros2_utility/cmake/ament_cmake_export_include_directories-extras.cmake
[27.845s] -- Symlinking: /home/wjc/zrz_ros2_ws/src/ros2_ws/install/ros2_utility/share/ros2_utility/cmake/ament_cmake_export_libraries-extras.cmake
[27.870s] -- Symlinking: /home/wjc/zrz_ros2_ws/src/ros2_ws/install/ros2_utility/share/ros2_utility/cmake/ament_cmake_export_targets-extras.cmake
[27.894s] -- Symlinking: /home/wjc/zrz_ros2_ws/src/ros2_ws/install/ros2_utility/share/ros2_utility/cmake/ros2_utilityConfig.cmake
[27.917s] -- Symlinking: /home/wjc/zrz_ros2_ws/src/ros2_ws/install/ros2_utility/share/ros2_utility/cmake/ros2_utilityConfig-version.cmake
[27.941s] -- Symlinking: /home/wjc/zrz_ros2_ws/src/ros2_ws/install/ros2_utility/share/ros2_utility/package.xml
[27.963s] -- Installing: /home/wjc/zrz_ros2_ws/src/ros2_ws/install/ros2_utility/lib/libros2_utility.so
[27.964s] -- Set non-toolchain portion of runtime path of "/home/wjc/zrz_ros2_ws/src/ros2_ws/install/ros2_utility/lib/libros2_utility.so" to ""
[27.964s] -- Installing: /home/wjc/zrz_ros2_ws/src/ros2_ws/install/ros2_utility/share/ros2_utility/cmake/export_ros2_utilityExport.cmake
[27.964s] -- Installing: /home/wjc/zrz_ros2_ws/src/ros2_ws/install/ros2_utility/share/ros2_utility/cmake/export_ros2_utilityExport-release.cmake
[27.971s] Invoked command in '/home/wjc/zrz_ros2_ws/src/ros2_ws/build/ros2_utility' returned '0': AMENT_PREFIX_PATH=/home/wjc/zrz_ros2_ws/src/ros2_ws/install/robot_math:${AMENT_PREFIX_PATH} CMAKE_PREFIX_PATH=/home/wjc/zrz_ros2_ws/src/ros2_ws/install/robot_math:/opt/ros/jazzy/opt/gz_sim_vendor:/opt/ros/jazzy/opt/gz_sensors_vendor:/opt/ros/jazzy/opt/gz_physics_vendor:/opt/ros/jazzy/opt/sdformat_vendor:/opt/ros/jazzy/opt/gz_gui_vendor:/opt/ros/jazzy/opt/gz_transport_vendor:/opt/ros/jazzy/opt/gz_rendering_vendor:/opt/ros/jazzy/opt/gz_plugin_vendor:/opt/ros/jazzy/opt/gz_fuel_tools_vendor:/opt/ros/jazzy/opt/gz_msgs_vendor:/opt/ros/jazzy/opt/gz_common_vendor:/opt/ros/jazzy/opt/gz_math_vendor:/opt/ros/jazzy/opt/gz_utils_vendor:/opt/ros/jazzy/opt/gz_tools_vendor:/opt/ros/jazzy/opt/gz_ogre_next_vendor:/opt/ros/jazzy/opt/gz_dartsim_vendor:/opt/ros/jazzy/opt/gz_cmake_vendor:/opt/ros/jazzy DEBUGINFOD_URLS=https://debuginfod.ubuntu.com LD_LIBRARY_PATH=/home/wjc/zrz_ros2_ws/src/ros2_ws/install/robot_math/lib:${LD_LIBRARY_PATH} /usr/bin/cmake --install /home/wjc/zrz_ros2_ws/src/ros2_ws/build/ros2_utility
