-- The C compiler identification is GNU 13.3.0
-- The CXX compiler identification is GNU 13.3.0
-- Detecting C compiler ABI info
-- Detecting C compiler ABI info - done
-- Check for working C compiler: /usr/bin/cc - skipped
-- Detecting C compile features
-- Detecting C compile features - done
-- Detecting CXX compiler ABI info
-- Detecting CXX compiler ABI info - done
-- Check for working CXX compiler: /usr/bin/c++ - skipped
-- Detecting CXX compile features
-- Detecting CXX compile features - done
-- Found ament_cmake: 2.5.3 (/opt/ros/jazzy/share/ament_cmake/cmake)
-- Found Python3: /usr/bin/python3 (found version "3.12.3") found components: Interpreter 
-- Override CMake install command with custom implementation using symlinks instead of copying resources
-- Found ament_cmake_ros: 0.12.0 (/opt/ros/jazzy/share/ament_cmake_ros/cmake)
-- Found Boost: /usr/lib/x86_64-linux-gnu/cmake/Boost-1.83.0/BoostConfig.cmake (found version "1.83.0") found components: system thread 
-- Found Threads: TRUE  
[31mCMake Error at CMakeLists.txt:13 (find_package):
  By not providing "Finddiana_api.cmake" in CMAKE_MODULE_PATH this project
  has asked CMake to find a package configuration file provided by
  "diana_api", but CMake did not find one.

  Could not find a package configuration file provided by "diana_api" with
  any of the following names:

    diana_apiConfig.cmake
    diana_api-config.cmake

  Add the installation prefix of "diana_api" to CMAKE_PREFIX_PATH or set
  "diana_api_DIR" to a directory containing one of the above files.  If
  "diana_api" provides a separate development package or SDK, be sure it has
  been installed.

[0m
-- Configuring incomplete, errors occurred!
