[0.022s] Invoking command in '/home/wjc/zrz_ros2_ws/src/ros2_ws/build/hardwares': AMENT_PREFIX_PATH=/home/wjc/zrz_ros2_ws/src/ros2_ws/install/robot_hardware_interface:/home/wjc/zrz_ros2_ws/src/ros2_ws/install/robot_math:${AMENT_PREFIX_PATH} CMAKE_PREFIX_PATH=/home/wjc/zrz_ros2_ws/src/ros2_ws/install/robot_hardware_interface:/home/wjc/zrz_ros2_ws/src/ros2_ws/install/robot_math:/opt/ros/jazzy/opt/gz_sim_vendor:/opt/ros/jazzy/opt/gz_sensors_vendor:/opt/ros/jazzy/opt/gz_physics_vendor:/opt/ros/jazzy/opt/sdformat_vendor:/opt/ros/jazzy/opt/gz_gui_vendor:/opt/ros/jazzy/opt/gz_transport_vendor:/opt/ros/jazzy/opt/gz_rendering_vendor:/opt/ros/jazzy/opt/gz_plugin_vendor:/opt/ros/jazzy/opt/gz_fuel_tools_vendor:/opt/ros/jazzy/opt/gz_msgs_vendor:/opt/ros/jazzy/opt/gz_common_vendor:/opt/ros/jazzy/opt/gz_math_vendor:/opt/ros/jazzy/opt/gz_utils_vendor:/opt/ros/jazzy/opt/gz_tools_vendor:/opt/ros/jazzy/opt/gz_ogre_next_vendor:/opt/ros/jazzy/opt/gz_dartsim_vendor:/opt/ros/jazzy/opt/gz_cmake_vendor:/opt/ros/jazzy DEBUGINFOD_URLS=https://debuginfod.ubuntu.com LD_LIBRARY_PATH=/home/wjc/zrz_ros2_ws/src/ros2_ws/install/robot_hardware_interface/lib:/home/wjc/zrz_ros2_ws/src/ros2_ws/install/robot_math/lib:${LD_LIBRARY_PATH} /usr/bin/cmake /home/wjc/zrz_ros2_ws/src/ros2_ws/hardwares -DCMAKE_BUILD_TYPE=Release -DAMENT_CMAKE_SYMLINK_INSTALL=1 -DCMAKE_INSTALL_PREFIX=/home/wjc/zrz_ros2_ws/src/ros2_ws/install/hardwares
[0.150s] -- The C compiler identification is GNU 13.3.0
[0.267s] -- The CXX compiler identification is GNU 13.3.0
[0.305s] -- Detecting C compiler ABI info
[0.507s] -- Detecting C compiler ABI info - done
[0.523s] -- Check for working C compiler: /usr/bin/cc - skipped
[0.523s] -- Detecting C compile features
[0.523s] -- Detecting C compile features - done
[0.540s] -- Detecting CXX compiler ABI info
[0.745s] -- Detecting CXX compiler ABI info - done
[0.763s] -- Check for working CXX compiler: /usr/bin/c++ - skipped
[0.764s] -- Detecting CXX compile features
[0.765s] -- Detecting CXX compile features - done
[0.774s] -- Found ament_cmake: 2.5.3 (/opt/ros/jazzy/share/ament_cmake/cmake)
[1.113s] -- Found Python3: /usr/bin/python3 (found version "3.12.3") found components: Interpreter 
[1.285s] -- Override CMake install command with custom implementation using symlinks instead of copying resources
[1.381s] -- Found ament_cmake_ros: 0.12.0 (/opt/ros/jazzy/share/ament_cmake_ros/cmake)
[1.644s] -- Found Boost: /usr/lib/x86_64-linux-gnu/cmake/Boost-1.83.0/BoostConfig.cmake (found version "1.83.0") found components: system thread 
[1.655s] -- Found Threads: TRUE  
[1.683s] [31mCMake Error at CMakeLists.txt:13 (find_package):
[1.684s]   By not providing "Finddiana_api.cmake" in CMAKE_MODULE_PATH this project
[1.684s]   has asked CMake to find a package configuration file provided by
[1.684s]   "diana_api", but CMake did not find one.
[1.684s] 
[1.684s]   Could not find a package configuration file provided by "diana_api" with
[1.685s]   any of the following names:
[1.685s] 
[1.685s]     diana_apiConfig.cmake
[1.685s]     diana_api-config.cmake
[1.685s] 
[1.685s]   Add the installation prefix of "diana_api" to CMAKE_PREFIX_PATH or set
[1.685s]   "diana_api_DIR" to a directory containing one of the above files.  If
[1.685s]   "diana_api" provides a separate development package or SDK, be sure it has
[1.685s]   been installed.
[1.686s] 
[1.686s] [0m
[1.686s] -- Configuring incomplete, errors occurred!
[1.693s] Invoked command in '/home/wjc/zrz_ros2_ws/src/ros2_ws/build/hardwares' returned '1': AMENT_PREFIX_PATH=/home/wjc/zrz_ros2_ws/src/ros2_ws/install/robot_hardware_interface:/home/wjc/zrz_ros2_ws/src/ros2_ws/install/robot_math:${AMENT_PREFIX_PATH} CMAKE_PREFIX_PATH=/home/wjc/zrz_ros2_ws/src/ros2_ws/install/robot_hardware_interface:/home/wjc/zrz_ros2_ws/src/ros2_ws/install/robot_math:/opt/ros/jazzy/opt/gz_sim_vendor:/opt/ros/jazzy/opt/gz_sensors_vendor:/opt/ros/jazzy/opt/gz_physics_vendor:/opt/ros/jazzy/opt/sdformat_vendor:/opt/ros/jazzy/opt/gz_gui_vendor:/opt/ros/jazzy/opt/gz_transport_vendor:/opt/ros/jazzy/opt/gz_rendering_vendor:/opt/ros/jazzy/opt/gz_plugin_vendor:/opt/ros/jazzy/opt/gz_fuel_tools_vendor:/opt/ros/jazzy/opt/gz_msgs_vendor:/opt/ros/jazzy/opt/gz_common_vendor:/opt/ros/jazzy/opt/gz_math_vendor:/opt/ros/jazzy/opt/gz_utils_vendor:/opt/ros/jazzy/opt/gz_tools_vendor:/opt/ros/jazzy/opt/gz_ogre_next_vendor:/opt/ros/jazzy/opt/gz_dartsim_vendor:/opt/ros/jazzy/opt/gz_cmake_vendor:/opt/ros/jazzy DEBUGINFOD_URLS=https://debuginfod.ubuntu.com LD_LIBRARY_PATH=/home/wjc/zrz_ros2_ws/src/ros2_ws/install/robot_hardware_interface/lib:/home/wjc/zrz_ros2_ws/src/ros2_ws/install/robot_math/lib:${LD_LIBRARY_PATH} /usr/bin/cmake /home/wjc/zrz_ros2_ws/src/ros2_ws/hardwares -DCMAKE_BUILD_TYPE=Release -DAMENT_CMAKE_SYMLINK_INSTALL=1 -DCMAKE_INSTALL_PREFIX=/home/wjc/zrz_ros2_ws/src/ros2_ws/install/hardwares
