[0.027s] Invoking command in '/home/wjc/zrz_ros2_ws/src/ros2_ws/build/robot_gui': AMENT_PREFIX_PATH=/home/wjc/zrz_ros2_ws/src/ros2_ws/install/robot_math:/home/wjc/zrz_ros2_ws/src/ros2_ws/install/robot_control_msgs:${AMENT_PREFIX_PATH} CMAKE_PREFIX_PATH=/home/wjc/zrz_ros2_ws/src/ros2_ws/install/robot_math:/home/wjc/zrz_ros2_ws/src/ros2_ws/install/robot_control_msgs:/opt/ros/jazzy/opt/gz_sim_vendor:/opt/ros/jazzy/opt/gz_sensors_vendor:/opt/ros/jazzy/opt/gz_physics_vendor:/opt/ros/jazzy/opt/sdformat_vendor:/opt/ros/jazzy/opt/gz_gui_vendor:/opt/ros/jazzy/opt/gz_transport_vendor:/opt/ros/jazzy/opt/gz_rendering_vendor:/opt/ros/jazzy/opt/gz_plugin_vendor:/opt/ros/jazzy/opt/gz_fuel_tools_vendor:/opt/ros/jazzy/opt/gz_msgs_vendor:/opt/ros/jazzy/opt/gz_common_vendor:/opt/ros/jazzy/opt/gz_math_vendor:/opt/ros/jazzy/opt/gz_utils_vendor:/opt/ros/jazzy/opt/gz_tools_vendor:/opt/ros/jazzy/opt/gz_ogre_next_vendor:/opt/ros/jazzy/opt/gz_dartsim_vendor:/opt/ros/jazzy/opt/gz_cmake_vendor:/opt/ros/jazzy DEBUGINFOD_URLS=https://debuginfod.ubuntu.com LD_LIBRARY_PATH=/home/wjc/zrz_ros2_ws/src/ros2_ws/install/robot_math/lib:/home/wjc/zrz_ros2_ws/src/ros2_ws/install/robot_control_msgs/lib:${LD_LIBRARY_PATH} PYTHONPATH=/home/wjc/zrz_ros2_ws/src/ros2_ws/install/robot_control_msgs/lib/python3.12/site-packages:${PYTHONPATH} /usr/bin/cmake /home/wjc/zrz_ros2_ws/src/ros2_ws/robot_gui -DCMAKE_BUILD_TYPE=Release -DAMENT_CMAKE_SYMLINK_INSTALL=1 -DCMAKE_INSTALL_PREFIX=/home/wjc/zrz_ros2_ws/src/ros2_ws/install/robot_gui
[0.154s] -- The C compiler identification is GNU 13.3.0
[0.273s] -- The CXX compiler identification is GNU 13.3.0
[0.309s] -- Detecting C compiler ABI info
[0.541s] -- Detecting C compiler ABI info - done
[0.565s] -- Check for working C compiler: /usr/bin/cc - skipped
[0.566s] -- Detecting C compile features
[0.567s] -- Detecting C compile features - done
[0.585s] -- Detecting CXX compiler ABI info
[0.816s] -- Detecting CXX compiler ABI info - done
[0.832s] -- Check for working CXX compiler: /usr/bin/c++ - skipped
[0.832s] -- Detecting CXX compile features
[0.833s] -- Detecting CXX compile features - done
[0.839s] -- Found rclcpp: 28.1.6 (/opt/ros/jazzy/share/rclcpp/cmake)
[1.175s] -- Found Python3: /usr/bin/python3 (found version "3.12.3") found components: Interpreter 
[1.372s] -- Override CMake install command with custom implementation using symlinks instead of copying resources
[1.576s] -- Found rosidl_generator_c: 4.6.5 (/opt/ros/jazzy/share/rosidl_generator_c/cmake)
[1.608s] -- Found rosidl_generator_cpp: 4.6.5 (/opt/ros/jazzy/share/rosidl_generator_cpp/cmake)
[1.642s] -- Using all available rosidl_typesupport_c: rosidl_typesupport_fastrtps_c;rosidl_typesupport_introspection_c
[1.681s] -- Using all available rosidl_typesupport_cpp: rosidl_typesupport_fastrtps_cpp;rosidl_typesupport_introspection_cpp
[1.855s] -- Found rmw_implementation_cmake: 7.3.1 (/opt/ros/jazzy/share/rmw_implementation_cmake/cmake)
[1.864s] -- Found rmw_fastrtps_cpp: 8.4.1 (/opt/ros/jazzy/share/rmw_fastrtps_cpp/cmake)
[2.055s] -- Found OpenSSL: /usr/lib/x86_64-linux-gnu/libcrypto.so (found version "3.0.13")  
[2.098s] -- Found FastRTPS: /opt/ros/jazzy/include (Required is at least version "2.13") 
[2.153s] -- Using RMW implementation 'rmw_fastrtps_cpp' as default
[2.327s] -- Found realtime_tools: 3.4.0 (/opt/ros/jazzy/share/realtime_tools/cmake)
[2.621s] -- Found sensor_msgs: 5.3.5 (/opt/ros/jazzy/share/sensor_msgs/cmake)
[2.733s] -- Found std_srvs: 5.3.5 (/opt/ros/jazzy/share/std_srvs/cmake)
[2.769s] -- Found urdf: 2.10.0 (/opt/ros/jazzy/share/urdf/cmake)
[2.830s] -- Found robot_math: 0.0.0 (/home/wjc/zrz_ros2_ws/src/ros2_ws/install/robot_math/share/robot_math/cmake)
[2.833s] -- Found robot_control_msgs: 0.0.0 (/home/wjc/zrz_ros2_ws/src/ros2_ws/install/robot_control_msgs/share/robot_control_msgs/cmake)
[2.896s] -- Found Threads: TRUE  
[2.899s] -- Performing Test HAVE_STDATOMIC
[3.188s] -- Performing Test HAVE_STDATOMIC - Success
[3.191s] -- Found WrapAtomic: TRUE  
[3.265s] -- Found OpenGL: /usr/lib/x86_64-linux-gnu/libOpenGL.so   
[3.267s] -- Found WrapOpenGL: TRUE  
[3.482s] -- Found XKB: /usr/lib/x86_64-linux-gnu/libxkbcommon.so (found suitable version "1.6.0", minimum required is "0.5.0") 
[3.554s] -- Found WrapVulkanHeaders: /usr/include  
[3.797s] -- Configuring done (3.8s)
[3.900s] -- Generating done (0.0s)
[3.920s] -- Build files have been written to: /home/wjc/zrz_ros2_ws/src/ros2_ws/build/robot_gui
[3.969s] Invoked command in '/home/wjc/zrz_ros2_ws/src/ros2_ws/build/robot_gui' returned '0': AMENT_PREFIX_PATH=/home/wjc/zrz_ros2_ws/src/ros2_ws/install/robot_math:/home/wjc/zrz_ros2_ws/src/ros2_ws/install/robot_control_msgs:${AMENT_PREFIX_PATH} CMAKE_PREFIX_PATH=/home/wjc/zrz_ros2_ws/src/ros2_ws/install/robot_math:/home/wjc/zrz_ros2_ws/src/ros2_ws/install/robot_control_msgs:/opt/ros/jazzy/opt/gz_sim_vendor:/opt/ros/jazzy/opt/gz_sensors_vendor:/opt/ros/jazzy/opt/gz_physics_vendor:/opt/ros/jazzy/opt/sdformat_vendor:/opt/ros/jazzy/opt/gz_gui_vendor:/opt/ros/jazzy/opt/gz_transport_vendor:/opt/ros/jazzy/opt/gz_rendering_vendor:/opt/ros/jazzy/opt/gz_plugin_vendor:/opt/ros/jazzy/opt/gz_fuel_tools_vendor:/opt/ros/jazzy/opt/gz_msgs_vendor:/opt/ros/jazzy/opt/gz_common_vendor:/opt/ros/jazzy/opt/gz_math_vendor:/opt/ros/jazzy/opt/gz_utils_vendor:/opt/ros/jazzy/opt/gz_tools_vendor:/opt/ros/jazzy/opt/gz_ogre_next_vendor:/opt/ros/jazzy/opt/gz_dartsim_vendor:/opt/ros/jazzy/opt/gz_cmake_vendor:/opt/ros/jazzy DEBUGINFOD_URLS=https://debuginfod.ubuntu.com LD_LIBRARY_PATH=/home/wjc/zrz_ros2_ws/src/ros2_ws/install/robot_math/lib:/home/wjc/zrz_ros2_ws/src/ros2_ws/install/robot_control_msgs/lib:${LD_LIBRARY_PATH} PYTHONPATH=/home/wjc/zrz_ros2_ws/src/ros2_ws/install/robot_control_msgs/lib/python3.12/site-packages:${PYTHONPATH} /usr/bin/cmake /home/wjc/zrz_ros2_ws/src/ros2_ws/robot_gui -DCMAKE_BUILD_TYPE=Release -DAMENT_CMAKE_SYMLINK_INSTALL=1 -DCMAKE_INSTALL_PREFIX=/home/wjc/zrz_ros2_ws/src/ros2_ws/install/robot_gui
[3.972s] Invoking command in '/home/wjc/zrz_ros2_ws/src/ros2_ws/build/robot_gui': AMENT_PREFIX_PATH=/home/wjc/zrz_ros2_ws/src/ros2_ws/install/robot_math:/home/wjc/zrz_ros2_ws/src/ros2_ws/install/robot_control_msgs:${AMENT_PREFIX_PATH} CMAKE_PREFIX_PATH=/home/wjc/zrz_ros2_ws/src/ros2_ws/install/robot_math:/home/wjc/zrz_ros2_ws/src/ros2_ws/install/robot_control_msgs:/opt/ros/jazzy/opt/gz_sim_vendor:/opt/ros/jazzy/opt/gz_sensors_vendor:/opt/ros/jazzy/opt/gz_physics_vendor:/opt/ros/jazzy/opt/sdformat_vendor:/opt/ros/jazzy/opt/gz_gui_vendor:/opt/ros/jazzy/opt/gz_transport_vendor:/opt/ros/jazzy/opt/gz_rendering_vendor:/opt/ros/jazzy/opt/gz_plugin_vendor:/opt/ros/jazzy/opt/gz_fuel_tools_vendor:/opt/ros/jazzy/opt/gz_msgs_vendor:/opt/ros/jazzy/opt/gz_common_vendor:/opt/ros/jazzy/opt/gz_math_vendor:/opt/ros/jazzy/opt/gz_utils_vendor:/opt/ros/jazzy/opt/gz_tools_vendor:/opt/ros/jazzy/opt/gz_ogre_next_vendor:/opt/ros/jazzy/opt/gz_dartsim_vendor:/opt/ros/jazzy/opt/gz_cmake_vendor:/opt/ros/jazzy DEBUGINFOD_URLS=https://debuginfod.ubuntu.com LD_LIBRARY_PATH=/home/wjc/zrz_ros2_ws/src/ros2_ws/install/robot_math/lib:/home/wjc/zrz_ros2_ws/src/ros2_ws/install/robot_control_msgs/lib:${LD_LIBRARY_PATH} PYTHONPATH=/home/wjc/zrz_ros2_ws/src/ros2_ws/install/robot_control_msgs/lib/python3.12/site-packages:${PYTHONPATH} /usr/bin/cmake --build /home/wjc/zrz_ros2_ws/src/ros2_ws/build/robot_gui -- -j16 -l16
[4.163s] [  0%] Built target robot_gui_autogen_timestamp_deps
[4.228s] [ 16%] [34m[1mAutomatic MOC and UIC for target robot_gui[0m
[8.042s] [ 16%] Built target robot_gui_autogen
[8.209s] [ 33%] [32mBuilding CXX object CMakeFiles/robot_gui.dir/robot_gui_autogen/mocs_compilation.cpp.o[0m
[8.209s] [ 50%] [32mBuilding CXX object CMakeFiles/robot_gui.dir/src/main.cpp.o[0m
[8.232s] [ 66%] [32mBuilding CXX object CMakeFiles/robot_gui.dir/src/RobotGUIMainWindow.cpp.o[0m
[20.692s] [01m[K/home/wjc/zrz_ros2_ws/src/ros2_ws/robot_gui/src/RobotGUIMainWindow.cpp:[m[K In lambda function:
[20.693s] [01m[K/home/wjc/zrz_ros2_ws/src/ros2_ws/robot_gui/src/RobotGUIMainWindow.cpp:109:34:[m[K [01;35m[Kwarning: [m[Kcomparison of integer expressions of different signedness: ‘[01m[Kint[m[K’ and ‘[01m[Kstd::vector<std::__cxx11::basic_string<char>, std::allocator<std::__cxx11::basic_string<char> > >::size_type[m[K’ {aka ‘[01m[Klong unsigned int[m[K’} [[01;35m[K]8;;https://gcc.gnu.org/onlinedocs/gcc/Warning-Options.html#index-Wsign-compare-Wsign-compare]8;;[m[K]
[20.693s]   109 |                 for(int i = 0; [01;35m[Ki < joint_names_.size()[m[K; i++)
[20.693s]       |                                [01;35m[K~~^~~~~~~~~~~~~~~~~~~~~[m[K
[20.721s] [01m[K/home/wjc/zrz_ros2_ws/src/ros2_ws/robot_gui/src/RobotGUIMainWindow.cpp:[m[K In member function ‘[01m[Kvoid RobotGUIMainWindow::[01;32m[Ksend_forward_command[m[K()[m[K’:
[20.721s] [01m[K/home/wjc/zrz_ros2_ws/src/ros2_ws/robot_gui/src/RobotGUIMainWindow.cpp:171:27:[m[K [01;35m[Kwarning: [m[Kcomparison of integer expressions of different signedness: ‘[01m[Kint[m[K’ and ‘[01m[Kstd::vector<std::__cxx11::basic_string<char>, std::allocator<std::__cxx11::basic_string<char> > >::size_type[m[K’ {aka ‘[01m[Klong unsigned int[m[K’} [[01;35m[K]8;;https://gcc.gnu.org/onlinedocs/gcc/Warning-Options.html#index-Wsign-compare-Wsign-compare]8;;[m[K]
[20.721s]   171 |         for (int i = 0; [01;35m[Ki < joint_names_.size()[m[K; i++)
[20.721s]       |                         [01;35m[K~~^~~~~~~~~~~~~~~~~~~~~[m[K
[42.271s] [ 83%] [32m[1mLinking CXX executable robot_gui[0m
[43.940s] [100%] Built target robot_gui
